Archive member included because of file (symbol)

C:/Freescale/CW MCU v11.0/MCU/ARM_GCC_Support/ewl/lib/armv6-m\libc.a(sscanf.o)
                              ./Sources/main.o (sscanf)
C:/Freescale/CW MCU v11.0/MCU/ARM_GCC_Support/ewl/lib/armv6-m\libc.a(sprintf.o)
                              ./Sources/main.o (sprintf)
C:/Freescale/CW MCU v11.0/MCU/ARM_GCC_Support/ewl/lib/armv6-m\libc.a(vsscanf.o)
                              C:/Freescale/CW MCU v11.0/MCU/ARM_GCC_Support/ewl/lib/armv6-m\libc.a(sscanf.o) (vsscanf)
C:/Freescale/CW MCU v11.0/MCU/ARM_GCC_Support/ewl/lib/armv6-m\libc.a(exit.o)
                              ./Project_Settings/Startup_Code/__arm_start.o (exit)
C:/Freescale/CW MCU v11.0/MCU/ARM_GCC_Support/ewl/lib/armv6-m\libc.a(alloc.o)
                              ./Sources/main.o (malloc)
C:/Freescale/CW MCU v11.0/MCU/ARM_GCC_Support/ewl/lib/armv6-m\libc.a(rand.o)
                              ./Generated_Code/UTIL1.o (rand)
C:/Freescale/CW MCU v11.0/MCU/ARM_GCC_Support/ewl/lib/armv6-m\libc.a(strchr.o)
                              ./Generated_Code/UTIL1.o (strchr)
C:/Freescale/CW MCU v11.0/MCU/ARM_GCC_Support/ewl/lib/armv6-m\libc.a(memset.o)
                              ./Generated_Code/usb_dci_kinetis.o (memset)
C:/Freescale/CW MCU v11.0/MCU/ARM_GCC_Support/ewl/lib/armv6-m\libc.a(strncmp.o)
                              ./Generated_Code/UTIL1.o (strncmp)
C:/Freescale/CW MCU v11.0/MCU/ARM_GCC_Support/ewl/lib/armv6-m\libc.a(__filll_mem.o)
                              C:/Freescale/CW MCU v11.0/MCU/ARM_GCC_Support/ewl/lib/armv6-m\libc.a(memset.o) (__fill_mem)
C:/Freescale/CW MCU v11.0/MCU/ARM_GCC_Support/ewl/lib/armv6-m\libc.a(memcpy.o)
                              ./Generated_Code/usb_framework.o (memcpy)
C:/Freescale/CW MCU v11.0/MCU/ARM_GCC_Support/ewl/lib/armv6-m\libc.a(strcmp.o)
                              ./Generated_Code/CLS1.o (strcmp)
C:/Freescale/CW MCU v11.0/MCU/ARM_GCC_Support/ewl/lib/armv6-m\libc.a(strlen.o)
                              ./Generated_Code/UTIL1.o (strlen)
C:/Freescale/CW MCU v11.0/MCU/ARM_GCC_Support/ewl/lib/armv6-m\libc.a(printformat_.o)
                              (__pformatter_)
C:/Freescale/CW MCU v11.0/MCU/ARM_GCC_Support/ewl/lib/armv6-m\libc.a(scanformat_.o)
                              (__sformatter)
C:/Freescale/CW MCU v11.0/MCU/ARM_GCC_Support/ewl/lib/armv6-m\libc.a(ctype_aeabi.o)
                              C:/Freescale/CW MCU v11.0/MCU/ARM_GCC_Support/ewl/lib/armv6-m\libc.a(scanformat_.o) (isspace)
C:/Freescale/CW MCU v11.0/MCU/ARM_GCC_Support/ewl/lib/armv6-m\libc.a(vsnprintf.o)
                              C:/Freescale/CW MCU v11.0/MCU/ARM_GCC_Support/ewl/lib/armv6-m\libc.a(sprintf.o) (vsnprintf)
C:/Freescale/CW MCU v11.0/MCU/ARM_GCC_Support/ewl/lib/armv6-m\libc.a(__strtoul.o)
                              C:/Freescale/CW MCU v11.0/MCU/ARM_GCC_Support/ewl/lib/armv6-m\libc.a(scanformat_.o) (__strtoul)
C:/Freescale/CW MCU v11.0/MCU/ARM_GCC_Support/ewl/lib/armv6-m\libc.a(memchr.o)
                              C:/Freescale/CW MCU v11.0/MCU/ARM_GCC_Support/ewl/lib/armv6-m\libc.a(printformat_.o) (memchr)
c:/freescale/cw mcu v11.0/cross_tools/arm-none-eabi-gcc-4_7_3/bin/../lib/gcc/arm-none-eabi/4.7.3/armv6-m\libgcc.a(_thumb1_case_sqi.o)
                              C:/Freescale/CW MCU v11.0/MCU/ARM_GCC_Support/ewl/lib/armv6-m\libc.a(__strtoul.o) (__gnu_thumb1_case_sqi)
c:/freescale/cw mcu v11.0/cross_tools/arm-none-eabi-gcc-4_7_3/bin/../lib/gcc/arm-none-eabi/4.7.3/armv6-m\libgcc.a(_thumb1_case_uqi.o)
                              C:/Freescale/CW MCU v11.0/MCU/ARM_GCC_Support/ewl/lib/armv6-m\libc.a(scanformat_.o) (__gnu_thumb1_case_uqi)
c:/freescale/cw mcu v11.0/cross_tools/arm-none-eabi-gcc-4_7_3/bin/../lib/gcc/arm-none-eabi/4.7.3/armv6-m\libgcc.a(_udivsi3.o)
                              ./Generated_Code/XF1.o (__aeabi_uidiv)
c:/freescale/cw mcu v11.0/cross_tools/arm-none-eabi-gcc-4_7_3/bin/../lib/gcc/arm-none-eabi/4.7.3/armv6-m\libgcc.a(_divsi3.o)
                              ./Generated_Code/UTIL1.o (__aeabi_idiv)
c:/freescale/cw mcu v11.0/cross_tools/arm-none-eabi-gcc-4_7_3/bin/../lib/gcc/arm-none-eabi/4.7.3/armv6-m\libgcc.a(_dvmd_tls.o)
                              c:/freescale/cw mcu v11.0/cross_tools/arm-none-eabi-gcc-4_7_3/bin/../lib/gcc/arm-none-eabi/4.7.3/armv6-m\libgcc.a(_udivsi3.o) (__aeabi_idiv0)
c:/freescale/cw mcu v11.0/cross_tools/arm-none-eabi-gcc-4_7_3/bin/../lib/gcc/arm-none-eabi/4.7.3/armv6-m\libgcc.a(_arm_cmpsf2.o)
                              ./Generated_Code/UTIL1.o (__aeabi_fcmplt)
c:/freescale/cw mcu v11.0/cross_tools/arm-none-eabi-gcc-4_7_3/bin/../lib/gcc/arm-none-eabi/4.7.3/armv6-m\libgcc.a(_aeabi_ldivmod.o)
                              ./Generated_Code/UTIL1.o (__aeabi_ldivmod)
c:/freescale/cw mcu v11.0/cross_tools/arm-none-eabi-gcc-4_7_3/bin/../lib/gcc/arm-none-eabi/4.7.3/armv6-m\libgcc.a(_aeabi_uldivmod.o)
                              ./Generated_Code/XF1.o (__aeabi_uldivmod)
[...]
Memory Configuration

Name             Origin             Length             Attributes
m_interrupts     0x00000000         0x000000c0         xr
m_text           0x00000410         0x0001fbf0         xr
m_data           0x1ffff000         0x00004000         rw
m_cfmprotrom     0x00000400         0x00000010         xr
*default*        0x00000000         0xffffffff

Linker script and memory map

LOAD ./Generated_Code/wdt_kinetis.o
LOAD ./Generated_Code/usb_framework.o
LOAD ./Generated_Code/usb_driver.o
LOAD ./Generated_Code/usb_descriptor.o
LOAD ./Generated_Code/usb_dci_kinetis.o
LOAD ./Generated_Code/usb_class.o
LOAD ./Generated_Code/usb_cdc_pstn.o
LOAD ./Generated_Code/usb_cdc.o
LOAD ./Generated_Code/XF1.o
LOAD ./Generated_Code/WAIT1.o
LOAD ./Generated_Code/Vectors.o
LOAD ./Generated_Code/UTIL1.o
LOAD ./Generated_Code/USB1.o
LOAD ./Generated_Code/USB0.o
LOAD ./Generated_Code/Tx1.o
LOAD ./Generated_Code/TMOUT1.o
LOAD ./Generated_Code/Rx1.o
LOAD ./Generated_Code/PE_LDD.o
LOAD ./Generated_Code/MCUC1.o
LOAD ./Generated_Code/Cpu.o
LOAD ./Generated_Code/CS2.o
LOAD ./Generated_Code/CS1.o
LOAD ./Generated_Code/CLS1.o
LOAD ./Generated_Code/CDC1.o
LOAD ./Project_Settings/Startup_Code/__arm_start.o
LOAD ./Project_Settings/Startup_Code/__arm_end.o
LOAD ./Sources/sa_mtb.o
LOAD ./Sources/main.o
LOAD ./Sources/font.o
LOAD ./Sources/display.o
LOAD ./Sources/Events.o
                0x00005e38                __pformatter = __pformatter_
                [0x00006260]                __sformatter = __sformatter
START GROUP
LOAD C:/Freescale/CW MCU v11.0/MCU/ARM_GCC_Support/ewl/lib/armv6-m\libc.a
LOAD C:/Freescale/CW MCU v11.0/MCU/ARM_GCC_Support/ewl/lib/armv6-m\libm.a
LOAD c:/freescale/cw mcu v11.0/cross_tools/arm-none-eabi-gcc-4_7_3/bin/../lib/gcc/arm-none-eabi/4.7.3/armv6-m\libgcc.a
LOAD C:/Freescale/CW MCU v11.0/MCU/ARM_GCC_Support/ewl/lib/armv6-m\librt.a
LOAD C:/Freescale/CW MCU v11.0/MCU/ARM_GCC_Support/ewl/lib/armv6-m\libuart.a
END GROUP
                0x20003000                _estack = 0x20003000
                0x20003000                __SP_INIT = _estack
                0x00000000                __heap_size = 0x0
                0x00000400                __stack_size = 0x400

.interrupts     0x00000000       0xc0
                0x00000000                __vector_table = .
                0x00000000                . = ALIGN (0x4)
 *(.vectortable)
 .vectortable   0x00000000       0xc0 ./Generated_Code/Vectors.o
                0x00000000                __vect_table
                0x000000c0                . = ALIGN (0x4)

.cfmprotect     0x00000400       0x10
                0x00000400                . = ALIGN (0x4)
 *(.cfmconfig)
 .cfmconfig     0x00000400       0x10 ./Generated_Code/Cpu.o
                0x00000400                _cfm
                0x00000410                . = ALIGN (0x4)

.text           0x00000410     0x6bc0
                0x00000410                . = ALIGN (0x4)
 *(.text)
 .text          0x00000410       0x14 c:/freescale/cw mcu v11.0/cross_tools/arm-none-eabi-gcc-4_7_3/bin/../lib/gcc/arm-none-eabi/4.7.3/armv6-m\libgcc.a(_thumb1_case_sqi.o)
                0x00000410                __gnu_thumb1_case_sqi
 .text          0x00000424       0x14 c:/freescale/cw mcu v11.0/cross_tools/arm-none-eabi-gcc-4_7_3/bin/../lib/gcc/arm-none-eabi/4.7.3/armv6-m\libgcc.a(_thumb1_case_uqi.o)
                0x00000424                __gnu_thumb1_case_uqi
 .text          0x00000438       0x9c c:/freescale/cw mcu v11.0/cross_tools/arm-none-eabi-gcc-4_7_3/bin/../lib/gcc/arm-none-eabi/4.7.3/armv6-m\libgcc.a(_udivsi3.o)
                0x00000438                __aeabi_uidiv
                0x00000438                __udivsi3
                0x000004c0                __aeabi_uidivmod
 .text          0x000004d4       0xc0 c:/freescale/cw mcu v11.0/cross_tools/arm-none-eabi-gcc-4_7_3/bin/../lib/gcc/arm-none-eabi/4.7.3/armv6-m\libgcc.a(_divsi3.o)
                0x000004d4                __divsi3
                0x000004d4                __aeabi_idiv
                0x00000580                __aeabi_idivmod
 .text          0x00000594        0x4 c:/freescale/cw mcu v11.0/cross_tools/arm-none-eabi-gcc-4_7_3/bin/../lib/gcc/arm-none-eabi/4.7.3/armv6-m\libgcc.a(_dvmd_tls.o)
                0x00000594                __aeabi_idiv0
                0x00000594                __aeabi_ldiv0
 *(.text*)
 .text.Watchdog_Reset
                0x00000598       0x1c ./Generated_Code/wdt_kinetis.o
                0x00000598                Watchdog_Reset
 .text.USB_Framework_Init
                0x000005b4       0x5c ./Generated_Code/usb_framework.o
                0x000005b4                USB_Framework_Init
 .text.USB_Control_Service
                0x00000610      0x218 ./Generated_Code/usb_framework.o
                0x00000610                USB_Control_Service
 .text.USB_Control_Service_Handler
                0x00000828       0x84 ./Generated_Code/usb_framework.o
 .text.USB_Strd_Req_Get_Status
                0x000008ac      0x1c4 ./Generated_Code/usb_framework.o
 .text.USB_Strd_Req_Feature
                0x00000a70      0x208 ./Generated_Code/usb_framework.o
 .text.USB_Strd_Req_Set_Address
                0x00000c78       0x40 ./Generated_Code/usb_framework.o
 .text.USB_Strd_Req_Assign_Address
                0x00000cb8       0x44 ./Generated_Code/usb_framework.o
 .text.USB_Strd_Req_Get_Config
                0x00000cfc       0x54 ./Generated_Code/usb_framework.o
 .text.USB_Strd_Req_Set_Config
                0x00000d50       0xdc ./Generated_Code/usb_framework.o
 .text.USB_Strd_Req_Get_Interface
                0x00000e2c       0x64 ./Generated_Code/usb_framework.o
 .text.USB_Strd_Req_Set_Interface
                0x00000e90       0x5c ./Generated_Code/usb_framework.o
 .text.USB_Strd_Req_Sync_Frame
                0x00000eec       0x58 ./Generated_Code/usb_framework.o
 .text.USB_Strd_Req_Get_Descriptor
                0x00000f44       0x84 ./Generated_Code/usb_framework.o
 .text.USB_Device_Init_Params
                0x00000fc8       0x74 ./Generated_Code/usb_driver.o
 .text._usb_device_init
                0x0000103c       0x5c ./Generated_Code/usb_driver.o
                0x0000103c                _usb_device_init
 .text._usb_device_init_endpoint
                0x00001098       0xc8 ./Generated_Code/usb_driver.o
                0x00001098                _usb_device_init_endpoint
 .text._usb_device_deinit_endpoint
                0x00001160       0x84 ./Generated_Code/usb_driver.o
                0x00001160                _usb_device_deinit_endpoint
 .text._usb_device_get_status
                0x000011e4       0x84 ./Generated_Code/usb_driver.o
                0x000011e4                _usb_device_get_status
 .text._usb_device_set_status
                0x00001268      0x10c ./Generated_Code/usb_driver.o
                0x00001268                _usb_device_set_status
 .text._usb_device_register_service
                0x00001374       0x20 ./Generated_Code/usb_driver.o
                0x00001374                _usb_device_register_service
 .text.USB_Device_Call_Service
                0x00001394       0x48 ./Generated_Code/usb_driver.o
                0x00001394                USB_Device_Call_Service
 .text.USB_NULL_CALLBACK
                0x000013dc       0x10 ./Generated_Code/usb_driver.o
                0x000013dc                USB_NULL_CALLBACK
 .text.USB_Desc_Get_Descriptor
                0x000013ec      0x140 ./Generated_Code/usb_descriptor.o
                0x000013ec                USB_Desc_Get_Descriptor
 .text.USB_Desc_Get_Interface
                0x0000152c       0x3c ./Generated_Code/usb_descriptor.o
                0x0000152c                USB_Desc_Get_Interface
 .text.USB_Desc_Set_Interface
                0x00001568       0x38 ./Generated_Code/usb_descriptor.o
                0x00001568                USB_Desc_Set_Interface
 .text.USB_Desc_Valid_Configation
                0x000015a0       0x58 ./Generated_Code/usb_descriptor.o
                0x000015a0                USB_Desc_Valid_Configation
 .text.USB_Desc_Remote_Wakeup
                0x000015f8       0x18 ./Generated_Code/usb_descriptor.o
                0x000015f8                USB_Desc_Remote_Wakeup
 .text.USB_Desc_Get_Endpoints
                0x00001610       0x1c ./Generated_Code/usb_descriptor.o
                0x00001610                USB_Desc_Get_Endpoints
 .text.USB_Desc_Get_Line_Coding
                0x0000162c       0x40 ./Generated_Code/usb_descriptor.o
                0x0000162c                USB_Desc_Get_Line_Coding
 .text.USB_Desc_Set_Line_Coding
                0x0000166c       0x78 ./Generated_Code/usb_descriptor.o
                0x0000166c                USB_Desc_Set_Line_Coding
 .text.USB_Desc_Get_Abstract_State
                0x000016e4       0x3c ./Generated_Code/usb_descriptor.o
                0x000016e4                USB_Desc_Get_Abstract_State
 .text.USB_Desc_Get_Country_Setting
                0x00001720       0x3c ./Generated_Code/usb_descriptor.o
                0x00001720                USB_Desc_Get_Country_Setting
 .text.USB_Desc_Set_Abstract_State
                0x0000175c       0x70 ./Generated_Code/usb_descriptor.o
                0x0000175c                USB_Desc_Set_Abstract_State
 .text.USB_Desc_Set_Country_Setting
                0x000017cc       0x70 ./Generated_Code/usb_descriptor.o
                0x000017cc                USB_Desc_Set_Country_Setting
 .text.USB_Bus_Reset_Handler
                0x0000183c       0xd0 ./Generated_Code/usb_dci_kinetis.o
 .text.USB_DCI_Get_BDT_Index
                0x0000190c       0x5c ./Generated_Code/usb_dci_kinetis.o
 .text.USB_DCI_Validate_Param
                0x00001968       0x78 ./Generated_Code/usb_dci_kinetis.o
 .text.USB_DCI_Prepare_Send_Data
                0x000019e0       0xfc ./Generated_Code/usb_dci_kinetis.o
 .text.USB_DCI_Init
                0x00001adc      0x184 ./Generated_Code/usb_dci_kinetis.o
                0x00001adc                USB_DCI_Init
 .text.USB_DCI_Init_EndPoint
                0x00001c60      0x35c ./Generated_Code/usb_dci_kinetis.o
                0x00001c60                USB_DCI_Init_EndPoint
 .text._usb_device_cancel_transfer
                0x00001fbc       0xd0 ./Generated_Code/usb_dci_kinetis.o
                0x00001fbc                _usb_device_cancel_transfer
 .text.USB_DCI_Deinit_EndPoint
                0x0000208c       0xdc ./Generated_Code/usb_dci_kinetis.o
                0x0000208c                USB_DCI_Deinit_EndPoint
 .text._usb_device_stall_endpoint
                0x00002168       0xa0 ./Generated_Code/usb_dci_kinetis.o
                0x00002168                _usb_device_stall_endpoint
 .text._usb_device_unstall_endpoint
                0x00002208      0x120 ./Generated_Code/usb_dci_kinetis.o
                0x00002208                _usb_device_unstall_endpoint
 .text._usb_device_clear_data0_endpoint
                0x00002328       0x7c ./Generated_Code/usb_dci_kinetis.o
                0x00002328                _usb_device_clear_data0_endpoint
 .text._usb_device_recv_data
                0x000023a4      0x294 ./Generated_Code/usb_dci_kinetis.o
                0x000023a4                _usb_device_recv_data
 .text._usb_device_send_data
                0x00002638      0x168 ./Generated_Code/usb_dci_kinetis.o
                0x00002638                _usb_device_send_data
 .text._usb_device_set_address
                0x000027a0       0x34 ./Generated_Code/usb_dci_kinetis.o
                0x000027a0                _usb_device_set_address
 .text._usb_device_assert_resume
                0x000027d4       0xd0 ./Generated_Code/usb_dci_kinetis.o
                0x000027d4                _usb_device_assert_resume
 .text.USB_Bus_Token_Cpl_Handler
                0x000028a4      0x634 ./Generated_Code/usb_dci_kinetis.o
 .text.USB_ISR  0x00002ed8      0x350 ./Generated_Code/usb_dci_kinetis.o
                0x00002ed8                USB_ISR
 .text.Clear_Mem
                0x00003228       0x28 ./Generated_Code/usb_dci_kinetis.o
                0x00003228                Clear_Mem
 .text.USB_Suspend_Service
                0x00003250       0x44 ./Generated_Code/usb_class.o
                0x00003250                USB_Suspend_Service
 .text.USB_Resume_Service
                0x00003294       0x50 ./Generated_Code/usb_class.o
                0x00003294                USB_Resume_Service
 .text.USB_Stall_Service
                0x000032e4       0x34 ./Generated_Code/usb_class.o
                0x000032e4                USB_Stall_Service
 .text.USB_Sof_Service
                0x00003318       0x7c ./Generated_Code/usb_class.o
                0x00003318                USB_Sof_Service
 .text.USB_Reset_Service
                0x00003394      0x118 ./Generated_Code/usb_class.o
                0x00003394                USB_Reset_Service
 .text.USB_Error_Service
                0x000034ac       0x28 ./Generated_Code/usb_class.o
                0x000034ac                USB_Error_Service
 .text.USB_Class_Init
                0x000034d4      0x158 ./Generated_Code/usb_class.o
                0x000034d4                USB_Class_Init
 .text.USB_Class_Initiate_Resume
                0x0000362c       0x84 ./Generated_Code/usb_class.o
                0x0000362c                USB_Class_Initiate_Resume
 .text.USB_Class_Send_Data
                0x000036b0       0x60 ./Generated_Code/usb_class.o
                0x000036b0                USB_Class_Send_Data
 .text.USB_Class_Periodic_Task
                0x00003710        0x8 ./Generated_Code/usb_class.o
                0x00003710                USB_Class_Periodic_Task
 .text.USB_Class_CDC_Pstn_Init
                0x00003718       0x30 ./Generated_Code/usb_cdc_pstn.o
                0x00003718                USB_Class_CDC_Pstn_Init
 .text.USB_Class_CDC_PSTN_Get_Line_Coding
                0x00003748       0x50 ./Generated_Code/usb_cdc_pstn.o
                0x00003748                USB_Class_CDC_PSTN_Get_Line_Coding
 .text.USB_Class_CDC_PSTN_Set_Line_Coding
                0x00003798       0x58 ./Generated_Code/usb_cdc_pstn.o
                0x00003798                USB_Class_CDC_PSTN_Set_Line_Coding
 .text.USB_Class_CDC_PSTN_Set_Ctrl_Line_State
                0x000037f0       0xdc ./Generated_Code/usb_cdc_pstn.o
                0x000037f0                USB_Class_CDC_PSTN_Set_Ctrl_Line_State
 .text.USB_Class_CDC_PSTN_Send_Break
                0x000038cc       0x30 ./Generated_Code/usb_cdc_pstn.o
                0x000038cc                USB_Class_CDC_PSTN_Send_Break
 .text.USB_Class_CDC_PSTN_Get_Comm_Feature
                0x000038fc       0x94 ./Generated_Code/usb_cdc_pstn.o
                0x000038fc                USB_Class_CDC_PSTN_Get_Comm_Feature
 .text.USB_Class_CDC_PSTN_Set_Comm_Feature
                0x00003990       0x94 ./Generated_Code/usb_cdc_pstn.o
                0x00003990                USB_Class_CDC_PSTN_Set_Comm_Feature
 .text.USB_Class_CDC_PSTN_Send_Serial_State
                0x00003a24       0x40 ./Generated_Code/usb_cdc_pstn.o
                0x00003a24                USB_Class_CDC_PSTN_Send_Serial_State
 .text.USB_Class_CDC_Service_Cic_Notify
                0x00003a64      0x14c ./Generated_Code/usb_cdc.o
                0x00003a64                USB_Class_CDC_Service_Cic_Notify
 .text.USB_Class_CDC_Service_Dic_Bulk_In
                0x00003bb0      0x180 ./Generated_Code/usb_cdc.o
                0x00003bb0                USB_Class_CDC_Service_Dic_Bulk_In
 .text.USB_Class_CDC_Service_Dic_Bulk_Out
                0x00003d30       0x78 ./Generated_Code/usb_cdc.o
                0x00003d30                USB_Class_CDC_Service_Dic_Bulk_Out
 .text.USB_Class_CDC_Event
                0x00003da8      0x1e0 ./Generated_Code/usb_cdc.o
                0x00003da8                USB_Class_CDC_Event
 .text.USB_Other_Requests
                0x00003f88      0x180 ./Generated_Code/usb_cdc.o
 .text.USB_Class_CDC_Init
                0x00004108      0x158 ./Generated_Code/usb_cdc.o
                0x00004108                USB_Class_CDC_Init
 .text.USB_Class_CDC_Send_Data
                0x00004260      0x1c0 ./Generated_Code/usb_cdc.o
                0x00004260                USB_Class_CDC_Send_Data
 .text.WAIT1_Wait10Cycles
                0x00004420        0x8 ./Generated_Code/WAIT1.o
                0x00004420                WAIT1_Wait10Cycles
 .text.WAIT1_Wait100Cycles
                0x00004428       0x24 ./Generated_Code/WAIT1.o
                0x00004428                WAIT1_Wait100Cycles
 .text.WAIT1_WaitCycles
                0x0000444c       0x44 ./Generated_Code/WAIT1.o
                0x0000444c                WAIT1_WaitCycles
 .text.WAIT1_WaitLongCycles
                0x00004490       0x3c ./Generated_Code/WAIT1.o
                0x00004490                WAIT1_WaitLongCycles
 .text.WAIT1_Waitms
                0x000044cc       0x38 ./Generated_Code/WAIT1.o
                0x000044cc                WAIT1_Waitms
 .text.WAIT1_Init
                0x00004504        0x8 ./Generated_Code/WAIT1.o
                0x00004504                WAIT1_Init
 .text.USB1_usb_int_en
                0x0000450c       0x20 ./Generated_Code/USB1.o
                0x0000450c                USB1_usb_int_en
 .text.USB1_Init
                0x0000452c       0x2c ./Generated_Code/USB1.o
                0x0000452c                USB1_Init
 .text.USB0_Init
                0x00004558      0x17c ./Generated_Code/USB0.o
                0x00004558                USB0_Init
 .text.Tx1_Get  0x000046d4       0x84 ./Generated_Code/Tx1.o
                0x000046d4                Tx1_Get
 .text.Tx1_NofElements
                0x00004758       0x14 ./Generated_Code/Tx1.o
                0x00004758                Tx1_NofElements
 .text.Tx1_Init
                0x0000476c       0x28 ./Generated_Code/Tx1.o
                0x0000476c                Tx1_Init
 .text.TMOUT1_GetCounter
                0x00004794       0xa0 ./Generated_Code/TMOUT1.o
                0x00004794                TMOUT1_GetCounter
 .text.TMOUT1_LeaveCounter
                0x00004834       0x50 ./Generated_Code/TMOUT1.o
                0x00004834                TMOUT1_LeaveCounter
 .text.TMOUT1_CounterExpired
                0x00004884       0x58 ./Generated_Code/TMOUT1.o
                0x00004884                TMOUT1_CounterExpired
 .text.TMOUT1_Init
                0x000048dc       0x44 ./Generated_Code/TMOUT1.o
                0x000048dc                TMOUT1_Init
 .text.Rx1_Put  0x00004920       0x88 ./Generated_Code/Rx1.o
                0x00004920                Rx1_Put
 .text.Rx1_Get  0x000049a8       0x84 ./Generated_Code/Rx1.o
                0x000049a8                Rx1_Get
 .text.Rx1_NofElements
                0x00004a2c       0x14 ./Generated_Code/Rx1.o
                0x00004a2c                Rx1_NofElements
 .text.Rx1_Init
                0x00004a40       0x28 ./Generated_Code/Rx1.o
                0x00004a40                Rx1_Init
 .text.Cpu_INT_NMIInterrupt
                0x00004a68        0xc ./Generated_Code/Cpu.o
                0x00004a68                Cpu_INT_NMIInterrupt
 .text.Cpu_Interrupt
                0x00004a74        0xc ./Generated_Code/Cpu.o
                0x00004a74                Cpu_Interrupt
 .text.__init_hardware
                0x00004a80      0x174 ./Generated_Code/Cpu.o
                0x00004a80                __init_hardware
 .text.PE_low_level_init
                0x00004bf4       0xfc ./Generated_Code/Cpu.o
                0x00004bf4                PE_low_level_init
 .text.CLS1_Init
                0x00004cf0        0x8 ./Generated_Code/CLS1.o
                0x00004cf0                CLS1_Init
 .text.CDC1_GetCharsInRxBuf
                0x00004cf8       0x20 ./Generated_Code/CDC1.o
                0x00004cf8                CDC1_GetCharsInRxBuf
 .text.CDC1_RecvChar
                0x00004d18       0x28 ./Generated_Code/CDC1.o
                0x00004d18                CDC1_RecvChar
 .text.CDC1_App_Callback
                0x00004d40       0xf4 ./Generated_Code/CDC1.o
                0x00004d40                CDC1_App_Callback
 .text.CDC1_Notify_Callback
                0x00004e34       0x50 ./Generated_Code/CDC1.o
                0x00004e34                CDC1_Notify_Callback
 .text.CDC1_RunUsbEngine
                0x00004e84        0x8 ./Generated_Code/CDC1.o
                0x00004e84                CDC1_RunUsbEngine
 .text.CDC1_SendDataBlock
                0x00004e8c       0x98 ./Generated_Code/CDC1.o
                0x00004e8c                CDC1_SendDataBlock
 .text.CDC1_App_Task
                0x00004f24       0xc0 ./Generated_Code/CDC1.o
                0x00004f24                CDC1_App_Task
 .text.CDC1_Init
                0x00004fe4       0x64 ./Generated_Code/CDC1.o
                0x00004fe4                CDC1_Init
 .text.zero_fill_bss
                0x00005048       0x24 ./Project_Settings/Startup_Code/__arm_start.o
 .text.__thumb_startup
                0x0000506c       0x30 ./Project_Settings/Startup_Code/__arm_start.o
                0x0000506c                __thumb_startup
 .text._ExitProcess
                0x0000509c        0xc ./Project_Settings/Startup_Code/__arm_end.o
                0x0000509c                _ExitProcess
 .text.CDC_Init
                0x000050a8       0x24 ./Sources/main.o
 .text.initLED  0x000050cc       0x80 ./Sources/main.o
                0x000050cc                initLED
 .text.getPack  0x0000514c       0x50 ./Sources/main.o
                0x0000514c                getPack
 .text.main     0x0000519c       0xe4 ./Sources/main.o
                0x0000519c                main
 .text.getFontArray
                0x00005280      0x298 ./Sources/font.o
                0x00005280                getFontArray
 .text.setPin   0x00005518       0x98 ./Sources/display.o
                0x00005518                setPin
 .text.pinInit  0x000055b0       0x68 ./Sources/display.o
                0x000055b0                pinInit
 .text.sendByte
                0x00005618       0x54 ./Sources/display.o
                0x00005618                sendByte
 .text.setMode  0x0000566c       0x30 ./Sources/display.o
                0x0000566c                setMode
 .text.sendCmd  0x0000569c       0x2c ./Sources/display.o
                0x0000569c                sendCmd
 .text.sendData
                0x000056c8       0x5c ./Sources/display.o
                0x000056c8                sendData
 .text.turnOn   0x00005724       0x30 ./Sources/display.o
                0x00005724                turnOn
 .text.setLED   0x00005754       0x44 ./Sources/display.o
                0x00005754                setLED
 .text.setLEDs  0x00005798       0x54 ./Sources/display.o
                0x00005798                setLEDs
 .text.clearDisplay
                0x000057ec       0x44 ./Sources/display.o
                0x000057ec                clearDisplay
 .text.writeChar
                0x00005830       0x50 ./Sources/display.o
                0x00005830                writeChar
 .text.clearLEDs
                0x00005880       0x2c ./Sources/display.o
                0x00005880                clearLEDs
 .text.writeStr
                0x000058ac       0xcc ./Sources/display.o
                0x000058ac                writeStr
 .text.initAll  0x00005978       0x28 ./Sources/display.o
                0x00005978                initAll
 .text.Cpu_OnNMIINT
                0x000059a0        0x8 ./Sources/Events.o
                0x000059a0                Cpu_OnNMIINT
 .text.sscanf   0x000059a8       0x18 C:/Freescale/CW MCU v11.0/MCU/ARM_GCC_Support/ewl/lib/armv6-m\libc.a(sscanf.o)
                0x000059a8                sscanf
 .text.sprintf  0x000059c0       0x1a C:/Freescale/CW MCU v11.0/MCU/ARM_GCC_Support/ewl/lib/armv6-m\libc.a(sprintf.o)
                0x000059c0                sprintf
 .text.__StringRead
                0x000059da       0x3c C:/Freescale/CW MCU v11.0/MCU/ARM_GCC_Support/ewl/lib/armv6-m\libc.a(vsscanf.o)
                0x000059da                __StringRead
 *fill*         0x00005a16        0x2 00
 .text.vsscanf  0x00005a18       0x30 C:/Freescale/CW MCU v11.0/MCU/ARM_GCC_Support/ewl/lib/armv6-m\libc.a(vsscanf.o)
                0x00005a18                vsscanf
 .text.exit     0x00005a48       0x38 C:/Freescale/CW MCU v11.0/MCU/ARM_GCC_Support/ewl/lib/armv6-m\libc.a(exit.o)
                0x00005a48                exit
 .text.sbrk     0x00005a80       0x2c C:/Freescale/CW MCU v11.0/MCU/ARM_GCC_Support/ewl/lib/armv6-m\libc.a(alloc.o)
                0x00005a80                sbrk
 .text.malloc   0x00005aac      0x114 C:/Freescale/CW MCU v11.0/MCU/ARM_GCC_Support/ewl/lib/armv6-m\libc.a(alloc.o)
                0x00005aac                malloc
 .text.free     0x00005bc0       0x12 C:/Freescale/CW MCU v11.0/MCU/ARM_GCC_Support/ewl/lib/armv6-m\libc.a(alloc.o)
                0x00005bc0                free
 .text.strchr   0x00005bd2       0x1e C:/Freescale/CW MCU v11.0/MCU/ARM_GCC_Support/ewl/lib/armv6-m\libc.a(strchr.o)
                0x00005bd2                strchr
 .text.memset   0x00005bf0        0xc C:/Freescale/CW MCU v11.0/MCU/ARM_GCC_Support/ewl/lib/armv6-m\libc.a(memset.o)
                0x00005bf0                memset
 .text.__fill_mem
                0x00005bfc       0x7e C:/Freescale/CW MCU v11.0/MCU/ARM_GCC_Support/ewl/lib/armv6-m\libc.a(__filll_mem.o)
                0x00005bfc                __fill_mem
 .text.memcpy   0x00005c7a       0x12 C:/Freescale/CW MCU v11.0/MCU/ARM_GCC_Support/ewl/lib/armv6-m\libc.a(memcpy.o)
                0x00005c7a                memcpy
 .text.strlen   0x00005c8c       0x10 C:/Freescale/CW MCU v11.0/MCU/ARM_GCC_Support/ewl/lib/armv6-m\libc.a(strlen.o)
                0x00005c8c                strlen
 .text.long2str.isra.0
                0x00005c9c      0x19c C:/Freescale/CW MCU v11.0/MCU/ARM_GCC_Support/ewl/lib/armv6-m\libc.a(printformat_.o)
 .text.__pformatter_
                0x00005e38      0x428 C:/Freescale/CW MCU v11.0/MCU/ARM_GCC_Support/ewl/lib/armv6-m\libc.a(printformat_.o)
                0x00005e38                __pformatter_
 .text.__sformatter
                0x00006260      0x698 C:/Freescale/CW MCU v11.0/MCU/ARM_GCC_Support/ewl/lib/armv6-m\libc.a(scanformat_.o)
                0x00006260                __sformatter
 .text.isalpha  0x000068f8       0x20 C:/Freescale/CW MCU v11.0/MCU/ARM_GCC_Support/ewl/lib/armv6-m\libc.a(ctype_aeabi.o)
                0x000068f8                isalpha
 .text.isspace  0x00006918       0x20 C:/Freescale/CW MCU v11.0/MCU/ARM_GCC_Support/ewl/lib/armv6-m\libc.a(ctype_aeabi.o)
                0x00006918                isspace
 .text.toupper  0x00006938        0xe C:/Freescale/CW MCU v11.0/MCU/ARM_GCC_Support/ewl/lib/armv6-m\libc.a(ctype_aeabi.o)
                0x00006938                toupper
 .text.__StringWrite
                0x00006946       0x26 C:/Freescale/CW MCU v11.0/MCU/ARM_GCC_Support/ewl/lib/armv6-m\libc.a(vsnprintf.o)
                0x00006946                __StringWrite
 .text.vsnprintf
                0x0000696c       0x38 C:/Freescale/CW MCU v11.0/MCU/ARM_GCC_Support/ewl/lib/armv6-m\libc.a(vsnprintf.o)
                0x0000696c                vsnprintf
 .text.__strtoul
                0x000069a4      0x1ce C:/Freescale/CW MCU v11.0/MCU/ARM_GCC_Support/ewl/lib/armv6-m\libc.a(__strtoul.o)
                0x000069a4                __strtoul
 .text.memchr   0x00006b72       0x1a C:/Freescale/CW MCU v11.0/MCU/ARM_GCC_Support/ewl/lib/armv6-m\libc.a(memchr.o)
                0x00006b72                memchr
 .text.__init_cpp
                0x00006b8c       0x48 C:/Freescale/CW MCU v11.0/MCU/ARM_GCC_Support/ewl/lib/armv6-m\librt.a(gcc_ctor_dtor.o)
                0x00006b8c                __init_cpp
 .text.__fini_cpp
                0x00006bd4       0x34 C:/Freescale/CW MCU v11.0/MCU/ARM_GCC_Support/ewl/lib/armv6-m\librt.a(gcc_ctor_dtor.o)
                0x00006bd4                __fini_cpp
 .text.__destroy_global_chain
                0x00006c08       0x1c C:/Freescale/CW MCU v11.0/MCU/ARM_GCC_Support/ewl/lib/armv6-m\librt.a(__arm_eabi_init.o)
                0x00006c08                __destroy_global_chain
 .text.__init_registers
                0x00006c24       0x1c C:/Freescale/CW MCU v11.0/MCU/ARM_GCC_Support/ewl/lib/armv6-m\librt.a(__arm_eabi_init.o)
                0x00006c24                __init_registers
 .text.__init_user
                0x00006c40        0x4 C:/Freescale/CW MCU v11.0/MCU/ARM_GCC_Support/ewl/lib/armv6-m\librt.a(__arm_eabi_init.o)
                0x00006c40                __init_user
 .text.__copy_rom_section
                0x00006c44       0x48 C:/Freescale/CW MCU v11.0/MCU/ARM_GCC_Support/ewl/lib/armv6-m\librt.a(ROMCopy.o)
                0x00006c44                __copy_rom_section
 .text.__copy_rom_sections_to_ram
                0x00006c8c       0x34 C:/Freescale/CW MCU v11.0/MCU/ARM_GCC_Support/ewl/lib/armv6-m\librt.a(ROMCopy.o)
                0x00006c8c                __copy_rom_sections_to_ram
 *(.rodata)
 .rodata        0x00006cc0        0x8 ./Generated_Code/usb_dci_kinetis.o
 .rodata        0x00006cc8       0x30 ./Sources/main.o
 *(.rodata*)
 .rodata.g_validate_request
                0x00006cf8       0x28 ./Generated_Code/usb_framework.o
                0x00006cf8                g_validate_request
 .rodata.g_standard_request
                0x00006d20       0x34 ./Generated_Code/usb_framework.o
                0x00006d20                g_standard_request
 .rodata.g_usb_CB
                0x00006d54       0x60 ./Generated_Code/usb_driver.o
 .rodata.usb_desc_ep
                0x00006db4       0x10 ./Generated_Code/usb_descriptor.o
                0x00006db4                usb_desc_ep
 .rodata.g_std_desc_size
                0x00006dc4       0x10 ./Generated_Code/usb_descriptor.o
                0x00006dc4                g_std_desc_size
 .rodata.g_std_descriptors
                0x00006dd4       0x20 ./Generated_Code/usb_descriptor.o
                0x00006dd4                g_std_descriptors
 .rodata.g_string_desc_size
                0x00006df4        0x8 ./Generated_Code/usb_descriptor.o
                0x00006df4                g_string_desc_size
 .rodata.g_string_descriptors
                0x00006dfc       0x14 ./Generated_Code/usb_descriptor.o
                0x00006dfc                g_string_descriptors
 .rodata.g_languages
                0x00006e10       0x20 ./Generated_Code/usb_descriptor.o
                0x00006e10                g_languages
 .rodata.g_valid_config_values
                0x00006e30        0x4 ./Generated_Code/usb_descriptor.o
                0x00006e30                g_valid_config_values
 .rodata.USB_Other_Requests
                0x00006e34       0x90 ./Generated_Code/usb_cdc.o
 .rodata.str1.1
                0x00006ec4        0x1 C:/Freescale/CW MCU v11.0/MCU/ARM_GCC_Support/ewl/lib/armv6-m\libc.a(printformat_.o)
 .rodata.CSWTCH.20
                0x00006ec5        0x5 C:/Freescale/CW MCU v11.0/MCU/ARM_GCC_Support/ewl/lib/armv6-m\libc.a(printformat_.o)
 .rodata.CSWTCH.21
                0x00006eca        0x5 C:/Freescale/CW MCU v11.0/MCU/ARM_GCC_Support/ewl/lib/armv6-m\libc.a(printformat_.o)
 .rodata.__aeabi_ctype_table_C
                0x00006ecf      0x101 C:/Freescale/CW MCU v11.0/MCU/ARM_GCC_Support/ewl/lib/armv6-m\libc.a(ctype_aeabi.o)
                0x00006ecf                __aeabi_ctype_table_C
 *(.glue_7)
 .glue_7        0x00000000        0x0 linker stubs
 *(.glue_7t)
 .glue_7t       0x00000000        0x0 linker stubs
 *(.eh_frame)
 *(.init)
 *(.fini)
                0x00006fd0                . = ALIGN (0x4)
                0x00006fd0                _etext = .

.vfp11_veneer   0x00006fd0        0x0
 .vfp11_veneer  0x00000000        0x0 linker stubs

.v4_bx          0x00006fd0        0x0
 .v4_bx         0x00000000        0x0 linker stubs

.iplt           0x00006fd0        0x0
 .iplt          0x00000000        0x0 ./Generated_Code/wdt_kinetis.o

.rel.dyn        0x00006fd0        0x0
 .rel.iplt      0x00000000        0x0 ./Generated_Code/wdt_kinetis.o

.ARM.extab
 *(.ARM.extab* .gnu.linkonce.armextab.*)

.ARM            0x00006fd0        0x0
                0x00006fd0                __exidx_start = .
 *(.ARM.exidx*)
                0x00006fd0                __exidx_end = .

.ctors          0x00006fd0        0x0
                0x00006fd0                __CTOR_LIST__ = .
 *crtbegin.o(.ctors)
 *(EXCLUDE_FILE(*crtend.o) .ctors)
 *(SORT(.ctors.*))
 *(.ctors)
                0x00006fd0                __CTOR_END__ = .

.dtors          0x00006fd0        0x0
                0x00006fd0                __DTOR_LIST__ = .
 *crtbegin.o(.dtors)
 *(EXCLUDE_FILE(*crtend.o) .dtors)
 *(SORT(.dtors.*))
 *(.dtors)
                0x00006fd0                __DTOR_END__ = .

.preinit_array  0x00006fd0        0x0
                0x00006fd0                PROVIDE (__preinit_array_start, .)
 *(.preinit_array*)
                0x00006fd0                PROVIDE (__preinit_array_end, .)

.init_array     0x00006fd0        0x0
                0x00006fd0                PROVIDE (__init_array_start, .)
 *(SORT(.init_array.*))
 *(.init_array*)
                0x00006fd0                PROVIDE (__init_array_end, .)

.fini_array     0x00006fd0        0x0
                0x00006fd0                PROVIDE (__fini_array_start, .)
 *(SORT(.fini_array.*))
 *(.fini_array*)
                0x00006fd0                PROVIDE (__fini_array_end, .)
                0x00006fd0                ___ROM_AT = .

.mtb            0x1ffff000        0x0
                0x1ffff000                . = ALIGN (0x8)
                0x1ffff000                _mtb_start = .
 *(.mtb_buf)
                0x1ffff000                . = ALIGN (0x8)
                0x1ffff000                _mtb_end = .

.data           0x1ffff000       0xf8 load address 0x00006fd0
                0x1ffff000                . = ALIGN (0x4)
                0x1ffff000                _sdata = .
 *(.data)
 *(.data*)
 .data.g_device_descriptor
                0x1ffff000       0x14 ./Generated_Code/usb_descriptor.o
                0x1ffff000                g_device_descriptor
 .data.g_config_descriptor
                0x1ffff014       0x44 ./Generated_Code/usb_descriptor.o
                0x1ffff014                g_config_descriptor
 .data.USB_STR_0
                0x1ffff058        0x4 ./Generated_Code/usb_descriptor.o
                0x1ffff058                USB_STR_0
 .data.USB_STR_1
                0x1ffff05c       0x20 ./Generated_Code/usb_descriptor.o
                0x1ffff05c                USB_STR_1
 .data.USB_STR_2
                0x1ffff07c       0x20 ./Generated_Code/usb_descriptor.o
                0x1ffff07c                USB_STR_2
 .data.USB_STR_3
                0x1ffff09c       0x14 ./Generated_Code/usb_descriptor.o
                0x1ffff09c                USB_STR_3
 .data.USB_STR_n
                0x1ffff0b0       0x24 ./Generated_Code/usb_descriptor.o
                0x1ffff0b0                USB_STR_n
 .data.g_line_coding
                0x1ffff0d4       0x10 ./Generated_Code/usb_descriptor.o
 .data.g_trf_direction
                0x1ffff0e4        0x1 ./Generated_Code/usb_dci_kinetis.o
 *fill*         0x1ffff0e5        0x3 00
 .data.g_serial_state_buf
                0x1ffff0e8        0xc ./Generated_Code/usb_cdc_pstn.o
 .data.tail     0x1ffff0f4        0x4 C:/Freescale/CW MCU v11.0/MCU/ARM_GCC_Support/ewl/lib/armv6-m\libc.a(alloc.o)
                0x1ffff0f8                . = ALIGN (0x4)
                0x1ffff0f8                _edata = .
                0x000000f8                ___data_size = (_edata - _sdata)

.igot.plt       0x1ffff0f8        0x0 load address 0x000070c8
 .igot.plt      0x00000000        0x0 ./Generated_Code/wdt_kinetis.o
                0x1ffff0f8                . = ALIGN (0x4)

.bss            0x1ffff200      0xa00 load address 0x00007200
                0x1ffff200                __START_BSS = .
                0x1ffff200                PROVIDE (__bss_start__, __START_BSS)
 *(.bss)
 *(.bss*)
 .bss.g_setup_pkt
                0x1ffff200        0x8 ./Generated_Code/usb_framework.o
 .bss.g_std_framework_data
                0x1ffff208        0x2 ./Generated_Code/usb_framework.o
 .bss.g_assigned_address
                0x1ffff20a        0x1 ./Generated_Code/usb_framework.o
 *fill*         0x1ffff20b        0x1 00
 .bss.g_framework_callback
                0x1ffff20c        0x4 ./Generated_Code/usb_framework.o
 .bss.g_other_req_callback
                0x1ffff210        0x4 ./Generated_Code/usb_framework.o
 .bss.ext_req_to_host
                0x1ffff214       0x28 ./Generated_Code/usb_framework.o
 .bss.g_usb_component_status
                0x1ffff23c        0x8 ./Generated_Code/usb_driver.o
 .bss.g_usb_ep_status
                0x1ffff244        0x8 ./Generated_Code/usb_driver.o
 .bss.g_EPn     0x1ffff24c        0x1 ./Generated_Code/usb_driver.o
 .bss.g_EPn_max
                0x1ffff24d        0x1 ./Generated_Code/usb_driver.o
 *fill*         0x1ffff24e        0x2 00
 .bss.g_abstract_state
                0x1ffff250        0x4 ./Generated_Code/usb_descriptor.o
 .bss.g_country_code
                0x1ffff254        0x4 ./Generated_Code/usb_descriptor.o
 .bss.g_alternate_interface
                0x1ffff258        0x4 ./Generated_Code/usb_descriptor.o
 .bss.g_bdtmap  0x1ffff25c        0x4 ./Generated_Code/usb_dci_kinetis.o
                0x1ffff25c                g_bdtmap
 .bss.g_bdt_elem
                0x1ffff260      0x240 ./Generated_Code/usb_dci_kinetis.o
 .bss.g_dci_controller_Id
                0x1ffff4a0        0x1 ./Generated_Code/usb_dci_kinetis.o
 *fill*         0x1ffff4a1        0x3 00
 .bss.g_bdt_address
                0x1ffff4a4        0x4 ./Generated_Code/usb_dci_kinetis.o
 .bss.g_class_callback
                0x1ffff4a8        0x4 ./Generated_Code/usb_class.o
 .bss.g_device_state_before_suspend
                0x1ffff4ac        0x1 ./Generated_Code/usb_class.o
 *fill*         0x1ffff4ad        0x3 00
 .bss.g_pstn_callback
                0x1ffff4b0        0x4 ./Generated_Code/usb_cdc_pstn.o
 .bss.g_dte_present
                0x1ffff4b4        0x1 ./Generated_Code/usb_cdc_pstn.o
 .bss.g_dte_status
                0x1ffff4b5        0x1 ./Generated_Code/usb_cdc_pstn.o
 .bss.g_break_duration
                0x1ffff4b6        0x2 ./Generated_Code/usb_cdc_pstn.o
 .bss.g_current_interface
                0x1ffff4b8        0x1 ./Generated_Code/usb_cdc_pstn.o
 *fill*         0x1ffff4b9        0x3 00
 .bss.g_uart_bitmap
                0x1ffff4bc        0x4 ./Generated_Code/usb_cdc_pstn.o
 .bss.g_cdc_class_callback
                0x1ffff4c0        0x4 ./Generated_Code/usb_cdc.o
 .bss.g_vendor_req_callback
                0x1ffff4c4        0x4 ./Generated_Code/usb_cdc.o
 .bss.g_cdc_ep  0x1ffff4c8       0x9c ./Generated_Code/usb_cdc.o
 .bss.Tx1_buffer
                0x1ffff564       0x40 ./Generated_Code/Tx1.o
 .bss.Tx1_inIdx
                0x1ffff5a4        0x1 ./Generated_Code/Tx1.o
 .bss.Tx1_outIdx
                0x1ffff5a5        0x1 ./Generated_Code/Tx1.o
 .bss.Tx1_inSize
                0x1ffff5a6        0x1 ./Generated_Code/Tx1.o
 *fill*         0x1ffff5a7        0x1 00
 .bss.TMOUT1_Counters
                0x1ffff5a8        0x4 ./Generated_Code/TMOUT1.o
 .bss.TMOUT1_FreeCounters
                0x1ffff5ac        0x4 ./Generated_Code/TMOUT1.o
 .bss.Rx1_buffer
                0x1ffff5b0       0x40 ./Generated_Code/Rx1.o
 .bss.Rx1_inIdx
                0x1ffff5f0        0x1 ./Generated_Code/Rx1.o
 .bss.Rx1_outIdx
                0x1ffff5f1        0x1 ./Generated_Code/Rx1.o
 .bss.Rx1_inSize
                0x1ffff5f2        0x1 ./Generated_Code/Rx1.o
 .bss.start_app
                0x1ffff5f3        0x1 ./Generated_Code/CDC1.o
 .bss.start_transactions
                0x1ffff5f4        0x1 ./Generated_Code/CDC1.o
 .bss.transactionOngoing
                0x1ffff5f5        0x1 ./Generated_Code/CDC1.o
 *fill*         0x1ffff5f6        0x2 00
 .bss.txBuf.7002
                0x1ffff5f8       0x40 ./Generated_Code/CDC1.o
 .bss.argv      0x1ffff638        0x4 ./Project_Settings/Startup_Code/__arm_start.o
 .bss.cdc_buffer.6603
                0x1ffff63c       0x40 ./Sources/main.o
 .bss.__stdio_exit
                0x1ffff67c        0x4 C:/Freescale/CW MCU v11.0/MCU/ARM_GCC_Support/ewl/lib/armv6-m\libc.a(exit.o)
                0x1ffff67c                __stdio_exit
 .bss.__console_exit
                0x1ffff680        0x4 C:/Freescale/CW MCU v11.0/MCU/ARM_GCC_Support/ewl/lib/armv6-m\libc.a(exit.o)
                0x1ffff680                __console_exit
 .bss.head      0x1ffff684        0x4 C:/Freescale/CW MCU v11.0/MCU/ARM_GCC_Support/ewl/lib/armv6-m\libc.a(alloc.o)
 .bss.heap_end.4347
                0x1ffff688        0x4 C:/Freescale/CW MCU v11.0/MCU/ARM_GCC_Support/ewl/lib/armv6-m\libc.a(alloc.o)
 .bss.__global_destructor_chain
                0x1ffff68c        0x4 C:/Freescale/CW MCU v11.0/MCU/ARM_GCC_Support/ewl/lib/armv6-m\librt.a(__arm_eabi_init.o)
                0x1ffff68c                __global_destructor_chain
 .bss.__S_romp  0x1ffff690        0xc C:/Freescale/CW MCU v11.0/MCU/ARM_GCC_Support/ewl/lib/armv6-m\librt.a(ROMCopy.o)
 *(COMMON)
 *fill*         0x1ffff69c      0x164 00
 COMMON         0x1ffff800      0x400 ./Generated_Code/usb_dci_kinetis.o
                0x1ffff800                g_Mem
                0x1ffffc00                . = ALIGN (0x4)
                0x1ffffc00                __END_BSS = .
                0x1ffffc00                PROVIDE (__bss_end__, __END_BSS)
                0x000070c8                _romp_at = (___ROM_AT + SIZEOF (.data))

.romp           0x1ffffc00       0x18 load address 0x000070c8
                0x000070c8                __S_romp = _romp_at
                0x1ffffc00        0x4 LONG 0x6fd0 ___ROM_AT
                0x1ffffc04        0x4 LONG 0x1ffff000 _sdata
                0x1ffffc08        0x4 LONG 0xf8 ___data_size
                0x1ffffc0c        0x4 LONG 0x0
                0x1ffffc10        0x4 LONG 0x0
                0x1ffffc14        0x4 LONG 0x0

._user_heap_stack
                0x1ffffc18      0x400 load address 0x000070e0
                0x1ffffc18                . = ALIGN (0x4)
                0x1ffffc18                PROVIDE (end, .)
                0x1ffffc18                PROVIDE (_end, .)
                0x1ffffc18                __heap_addr = .
                0x1ffffc18                . = (. + __heap_size)
                0x20000018                . = (. + __stack_size)
 *fill*         0x1ffffc18      0x400 00
                0x20000018                . = ALIGN (0x4)

.ARM.attributes
                0x00000000       0x31
 *(.ARM.attributes)
 .ARM.attributes
                0x00000000       0x31 ./Generated_Code/wdt_kinetis.o
 .ARM.attributes
                0x00000031       0x31 ./Generated_Code/usb_framework.o
 .ARM.attributes
                0x00000062       0x31 ./Generated_Code/usb_driver.o
 .ARM.attributes
                0x00000093       0x31 ./Generated_Code/usb_descriptor.o
 .ARM.attributes
                0x000000c4       0x31 ./Generated_Code/usb_dci_kinetis.o
 .ARM.attributes
                0x000000f5       0x31 ./Generated_Code/usb_class.o
 .ARM.attributes
                0x00000126       0x31 ./Generated_Code/usb_cdc_pstn.o
 .ARM.attributes
                0x00000157       0x31 ./Generated_Code/usb_cdc.o
 .ARM.attributes
                0x00000188       0x31 ./Generated_Code/WAIT1.o
 .ARM.attributes
                0x000001b9       0x31 ./Generated_Code/Vectors.o
 .ARM.attributes
                0x000001ea       0x31 ./Generated_Code/USB1.o
 .ARM.attributes
                0x0000021b       0x31 ./Generated_Code/USB0.o
 .ARM.attributes
                0x0000024c       0x31 ./Generated_Code/Tx1.o
 .ARM.attributes
                0x0000027d       0x31 ./Generated_Code/TMOUT1.o
 .ARM.attributes
                0x000002ae       0x31 ./Generated_Code/Rx1.o
 .ARM.attributes
                0x000002df       0x31 ./Generated_Code/Cpu.o
 .ARM.attributes
                0x00000310       0x31 ./Generated_Code/CLS1.o
 .ARM.attributes
                0x00000341       0x31 ./Generated_Code/CDC1.o
 .ARM.attributes
                0x00000372       0x31 ./Project_Settings/Startup_Code/__arm_start.o
 .ARM.attributes
                0x000003a3       0x31 ./Project_Settings/Startup_Code/__arm_end.o
 .ARM.attributes
                0x000003d4       0x31 ./Sources/main.o
 .ARM.attributes
                0x00000405       0x31 ./Sources/font.o
 .ARM.attributes
                0x00000436       0x31 ./Sources/display.o
 .ARM.attributes
                0x00000467       0x31 ./Sources/Events.o
 .ARM.attributes
                0x00000498       0x31 C:/Freescale/CW MCU v11.0/MCU/ARM_GCC_Support/ewl/lib/armv6-m\libc.a(sscanf.o)
 .ARM.attributes
                0x000004c9       0x31 C:/Freescale/CW MCU v11.0/MCU/ARM_GCC_Support/ewl/lib/armv6-m\libc.a(sprintf.o)
 .ARM.attributes
                0x000004fa       0x31 C:/Freescale/CW MCU v11.0/MCU/ARM_GCC_Support/ewl/lib/armv6-m\libc.a(vsscanf.o)
 .ARM.attributes
                0x0000052b       0x31 C:/Freescale/CW MCU v11.0/MCU/ARM_GCC_Support/ewl/lib/armv6-m\libc.a(exit.o)
 .ARM.attributes
                0x0000055c       0x31 C:/Freescale/CW MCU v11.0/MCU/ARM_GCC_Support/ewl/lib/armv6-m\libc.a(alloc.o)
 .ARM.attributes
                0x0000058d       0x31 C:/Freescale/CW MCU v11.0/MCU/ARM_GCC_Support/ewl/lib/armv6-m\libc.a(strchr.o)
 .ARM.attributes
                0x000005be       0x31 C:/Freescale/CW MCU v11.0/MCU/ARM_GCC_Support/ewl/lib/armv6-m\libc.a(memset.o)
 .ARM.attributes
                0x000005ef       0x31 C:/Freescale/CW MCU v11.0/MCU/ARM_GCC_Support/ewl/lib/armv6-m\libc.a(__filll_mem.o)
 .ARM.attributes
                0x00000620       0x31 C:/Freescale/CW MCU v11.0/MCU/ARM_GCC_Support/ewl/lib/armv6-m\libc.a(memcpy.o)
 .ARM.attributes
                0x00000651       0x31 C:/Freescale/CW MCU v11.0/MCU/ARM_GCC_Support/ewl/lib/armv6-m\libc.a(strlen.o)
 .ARM.attributes
                0x00000682       0x31 C:/Freescale/CW MCU v11.0/MCU/ARM_GCC_Support/ewl/lib/armv6-m\libc.a(printformat_.o)
 .ARM.attributes
                0x000006b3       0x31 C:/Freescale/CW MCU v11.0/MCU/ARM_GCC_Support/ewl/lib/armv6-m\libc.a(scanformat_.o)
 .ARM.attributes
                0x000006e4       0x31 C:/Freescale/CW MCU v11.0/MCU/ARM_GCC_Support/ewl/lib/armv6-m\libc.a(ctype_aeabi.o)
 .ARM.attributes
                0x00000715       0x31 C:/Freescale/CW MCU v11.0/MCU/ARM_GCC_Support/ewl/lib/armv6-m\libc.a(vsnprintf.o)
 .ARM.attributes
                0x00000746       0x31 C:/Freescale/CW MCU v11.0/MCU/ARM_GCC_Support/ewl/lib/armv6-m\libc.a(__strtoul.o)
 .ARM.attributes
                0x00000777       0x31 C:/Freescale/CW MCU v11.0/MCU/ARM_GCC_Support/ewl/lib/armv6-m\libc.a(memchr.o)
 .ARM.attributes
                0x000007a8       0x1e c:/freescale/cw mcu v11.0/cross_tools/arm-none-eabi-gcc-4_7_3/bin/../lib/gcc/arm-none-eabi/4.7.3/armv6-m\libgcc.a(_thumb1_case_sqi.o)
 .ARM.attributes
                0x000007c6       0x1e c:/freescale/cw mcu v11.0/cross_tools/arm-none-eabi-gcc-4_7_3/bin/../lib/gcc/arm-none-eabi/4.7.3/armv6-m\libgcc.a(_thumb1_case_uqi.o)
 .ARM.attributes
                0x000007e4       0x1e c:/freescale/cw mcu v11.0/cross_tools/arm-none-eabi-gcc-4_7_3/bin/../lib/gcc/arm-none-eabi/4.7.3/armv6-m\libgcc.a(_udivsi3.o)
 .ARM.attributes
                0x00000802       0x1e c:/freescale/cw mcu v11.0/cross_tools/arm-none-eabi-gcc-4_7_3/bin/../lib/gcc/arm-none-eabi/4.7.3/armv6-m\libgcc.a(_divsi3.o)
 .ARM.attributes
                0x00000820       0x1e c:/freescale/cw mcu v11.0/cross_tools/arm-none-eabi-gcc-4_7_3/bin/../lib/gcc/arm-none-eabi/4.7.3/armv6-m\libgcc.a(_dvmd_tls.o)
 .ARM.attributes
                0x0000083e       0x31 C:/Freescale/CW MCU v11.0/MCU/ARM_GCC_Support/ewl/lib/armv6-m\librt.a(gcc_ctor_dtor.o)
 .ARM.attributes
                0x0000086f       0x31 C:/Freescale/CW MCU v11.0/MCU/ARM_GCC_Support/ewl/lib/armv6-m\librt.a(__arm_eabi_init.o)
 .ARM.attributes
                0x000008a0       0x31 C:/Freescale/CW MCU v11.0/MCU/ARM_GCC_Support/ewl/lib/armv6-m\librt.a(ROMCopy.o)
OUTPUT(Test_USBSerial.elf elf32-littlearm)

.debug_info     0x00000000     0xa6a6
 .debug_info    0x00000000      0x11d ./Generated_Code/wdt_kinetis.o
 .debug_info    0x0000011d      0x9f7 ./Generated_Code/usb_framework.o
 .debug_info    0x00000b14      0x586 ./Generated_Code/usb_driver.o
 .debug_info    0x0000109a      0x878 ./Generated_Code/usb_descriptor.o
 .debug_info    0x00001912     0x150d ./Generated_Code/usb_dci_kinetis.o
 .debug_info    0x00002e1f      0x516 ./Generated_Code/usb_class.o
 .debug_info    0x00003335      0x55c ./Generated_Code/usb_cdc_pstn.o
 .debug_info    0x00003891      0x7e5 ./Generated_Code/usb_cdc.o
 .debug_info    0x00004076      0x165 ./Generated_Code/WAIT1.o
 .debug_info    0x000041db      0x10b ./Generated_Code/Vectors.o
 .debug_info    0x000042e6      0x1f5 ./Generated_Code/USB1.o
 .debug_info    0x000044db      0x6cb ./Generated_Code/USB0.o
 .debug_info    0x00004ba6      0x40c ./Generated_Code/Tx1.o
 .debug_info    0x00004fb2      0x2b2 ./Generated_Code/TMOUT1.o
 .debug_info    0x00005264      0x40c ./Generated_Code/Rx1.o
 .debug_info    0x00005670      0x8e8 ./Generated_Code/Cpu.o
 .debug_info    0x00005f58      0xb8e ./Generated_Code/CLS1.o
 .debug_info    0x00006ae6      0x694 ./Generated_Code/CDC1.o
 .debug_info    0x0000717a      0x12a ./Project_Settings/Startup_Code/__arm_start.o
 .debug_info    0x000072a4       0x54 ./Project_Settings/Startup_Code/__arm_end.o
 .debug_info    0x000072f8      0x5c3 ./Sources/main.o
 .debug_info    0x000078bb       0xb2 ./Sources/font.o
 .debug_info    0x0000796d      0x6c1 ./Sources/display.o
 .debug_info    0x0000802e       0x92 ./Sources/Events.o
 .debug_info    0x000080c0      0x118 C:/Freescale/CW MCU v11.0/MCU/ARM_GCC_Support/ewl/lib/armv6-m\libc.a(sscanf.o)
 .debug_info    0x000081d8      0x11e C:/Freescale/CW MCU v11.0/MCU/ARM_GCC_Support/ewl/lib/armv6-m\libc.a(sprintf.o)
 .debug_info    0x000082f6      0x253 C:/Freescale/CW MCU v11.0/MCU/ARM_GCC_Support/ewl/lib/armv6-m\libc.a(vsscanf.o)
 .debug_info    0x00008549       0xe8 C:/Freescale/CW MCU v11.0/MCU/ARM_GCC_Support/ewl/lib/armv6-m\libc.a(exit.o)
 .debug_info    0x00008631      0x340 C:/Freescale/CW MCU v11.0/MCU/ARM_GCC_Support/ewl/lib/armv6-m\libc.a(alloc.o)
 .debug_info    0x00008971      0x10b C:/Freescale/CW MCU v11.0/MCU/ARM_GCC_Support/ewl/lib/armv6-m\libc.a(strchr.o)
 .debug_info    0x00008a7c       0xec C:/Freescale/CW MCU v11.0/MCU/ARM_GCC_Support/ewl/lib/armv6-m\libc.a(memset.o)
 .debug_info    0x00008b68      0x137 C:/Freescale/CW MCU v11.0/MCU/ARM_GCC_Support/ewl/lib/armv6-m\libc.a(__filll_mem.o)
 .debug_info    0x00008c9f      0x10f C:/Freescale/CW MCU v11.0/MCU/ARM_GCC_Support/ewl/lib/armv6-m\libc.a(memcpy.o)
 .debug_info    0x00008dae       0xea C:/Freescale/CW MCU v11.0/MCU/ARM_GCC_Support/ewl/lib/armv6-m\libc.a(strlen.o)
 .debug_info    0x00008e98      0x50d C:/Freescale/CW MCU v11.0/MCU/ARM_GCC_Support/ewl/lib/armv6-m\libc.a(printformat_.o)
 .debug_info    0x000093a5      0x568 C:/Freescale/CW MCU v11.0/MCU/ARM_GCC_Support/ewl/lib/armv6-m\libc.a(scanformat_.o)
 .debug_info    0x0000990d      0x313 C:/Freescale/CW MCU v11.0/MCU/ARM_GCC_Support/ewl/lib/armv6-m\libc.a(ctype_aeabi.o)
 .debug_info    0x00009c20      0x205 C:/Freescale/CW MCU v11.0/MCU/ARM_GCC_Support/ewl/lib/armv6-m\libc.a(vsnprintf.o)
 .debug_info    0x00009e25      0x1d6 C:/Freescale/CW MCU v11.0/MCU/ARM_GCC_Support/ewl/lib/armv6-m\libc.a(__strtoul.o)
 .debug_info    0x00009ffb      0x121 C:/Freescale/CW MCU v11.0/MCU/ARM_GCC_Support/ewl/lib/armv6-m\libc.a(memchr.o)
 .debug_info    0x0000a11c      0x136 C:/Freescale/CW MCU v11.0/MCU/ARM_GCC_Support/ewl/lib/armv6-m\librt.a(gcc_ctor_dtor.o)
 .debug_info    0x0000a252      0x2b9 C:/Freescale/CW MCU v11.0/MCU/ARM_GCC_Support/ewl/lib/armv6-m\librt.a(__arm_eabi_init.o)
 .debug_info    0x0000a50b      0x19b C:/Freescale/CW MCU v11.0/MCU/ARM_GCC_Support/ewl/lib/armv6-m\librt.a(ROMCopy.o)

.debug_abbrev   0x00000000     0x2bf8
 .debug_abbrev  0x00000000       0x97 ./Generated_Code/wdt_kinetis.o
 .debug_abbrev  0x00000097      0x1dc ./Generated_Code/usb_framework.o
 .debug_abbrev  0x00000273      0x162 ./Generated_Code/usb_driver.o
 .debug_abbrev  0x000003d5      0x118 ./Generated_Code/usb_descriptor.o
 .debug_abbrev  0x000004ed      0x24f ./Generated_Code/usb_dci_kinetis.o
 .debug_abbrev  0x0000073c      0x15f ./Generated_Code/usb_class.o
 .debug_abbrev  0x0000089b      0x13b ./Generated_Code/usb_cdc_pstn.o
 .debug_abbrev  0x000009d6      0x19d ./Generated_Code/usb_cdc.o
 .debug_abbrev  0x00000b73       0xa3 ./Generated_Code/WAIT1.o
 .debug_abbrev  0x00000c16       0xa3 ./Generated_Code/Vectors.o
 .debug_abbrev  0x00000cb9       0xee ./Generated_Code/USB1.o
 .debug_abbrev  0x00000da7       0xd2 ./Generated_Code/USB0.o
 .debug_abbrev  0x00000e79      0x13d ./Generated_Code/Tx1.o
 .debug_abbrev  0x00000fb6       0xea ./Generated_Code/TMOUT1.o
 .debug_abbrev  0x000010a0      0x13d ./Generated_Code/Rx1.o
 .debug_abbrev  0x000011dd      0x122 ./Generated_Code/Cpu.o
 .debug_abbrev  0x000012ff      0x1c1 ./Generated_Code/CLS1.o
 .debug_abbrev  0x000014c0      0x1a1 ./Generated_Code/CDC1.o
 .debug_abbrev  0x00001661       0x92 ./Project_Settings/Startup_Code/__arm_start.o
 .debug_abbrev  0x000016f3       0x4c ./Project_Settings/Startup_Code/__arm_end.o
 .debug_abbrev  0x0000173f      0x167 ./Sources/main.o
 .debug_abbrev  0x000018a6       0x62 ./Sources/font.o
 .debug_abbrev  0x00001908      0x16d ./Sources/display.o
 .debug_abbrev  0x00001a75       0x3d ./Sources/Events.o
 .debug_abbrev  0x00001ab2       0xb1 C:/Freescale/CW MCU v11.0/MCU/ARM_GCC_Support/ewl/lib/armv6-m\libc.a(sscanf.o)
 .debug_abbrev  0x00001b63       0xb1 C:/Freescale/CW MCU v11.0/MCU/ARM_GCC_Support/ewl/lib/armv6-m\libc.a(sprintf.o)
 .debug_abbrev  0x00001c14      0x15f C:/Freescale/CW MCU v11.0/MCU/ARM_GCC_Support/ewl/lib/armv6-m\libc.a(vsscanf.o)
 .debug_abbrev  0x00001d73       0x7a C:/Freescale/CW MCU v11.0/MCU/ARM_GCC_Support/ewl/lib/armv6-m\libc.a(exit.o)
 .debug_abbrev  0x00001ded      0x167 C:/Freescale/CW MCU v11.0/MCU/ARM_GCC_Support/ewl/lib/armv6-m\libc.a(alloc.o)
 .debug_abbrev  0x00001f54       0x7a C:/Freescale/CW MCU v11.0/MCU/ARM_GCC_Support/ewl/lib/armv6-m\libc.a(strchr.o)
 .debug_abbrev  0x00001fce       0x62 C:/Freescale/CW MCU v11.0/MCU/ARM_GCC_Support/ewl/lib/armv6-m\libc.a(memset.o)
 .debug_abbrev  0x00002030       0x78 C:/Freescale/CW MCU v11.0/MCU/ARM_GCC_Support/ewl/lib/armv6-m\libc.a(__filll_mem.o)
 .debug_abbrev  0x000020a8       0x95 C:/Freescale/CW MCU v11.0/MCU/ARM_GCC_Support/ewl/lib/armv6-m\libc.a(memcpy.o)
 .debug_abbrev  0x0000213d       0x7a C:/Freescale/CW MCU v11.0/MCU/ARM_GCC_Support/ewl/lib/armv6-m\libc.a(strlen.o)
 .debug_abbrev  0x000021b7      0x200 C:/Freescale/CW MCU v11.0/MCU/ARM_GCC_Support/ewl/lib/armv6-m\libc.a(printformat_.o)
 .debug_abbrev  0x000023b7      0x1f0 C:/Freescale/CW MCU v11.0/MCU/ARM_GCC_Support/ewl/lib/armv6-m\libc.a(scanformat_.o)
 .debug_abbrev  0x000025a7       0x9e C:/Freescale/CW MCU v11.0/MCU/ARM_GCC_Support/ewl/lib/armv6-m\libc.a(ctype_aeabi.o)
 .debug_abbrev  0x00002645       0xf0 C:/Freescale/CW MCU v11.0/MCU/ARM_GCC_Support/ewl/lib/armv6-m\libc.a(vsnprintf.o)
 .debug_abbrev  0x00002735       0xc2 C:/Freescale/CW MCU v11.0/MCU/ARM_GCC_Support/ewl/lib/armv6-m\libc.a(__strtoul.o)
 .debug_abbrev  0x000027f7       0x95 C:/Freescale/CW MCU v11.0/MCU/ARM_GCC_Support/ewl/lib/armv6-m\libc.a(memchr.o)
 .debug_abbrev  0x0000288c       0x99 C:/Freescale/CW MCU v11.0/MCU/ARM_GCC_Support/ewl/lib/armv6-m\librt.a(gcc_ctor_dtor.o)
 .debug_abbrev  0x00002925      0x1b3 C:/Freescale/CW MCU v11.0/MCU/ARM_GCC_Support/ewl/lib/armv6-m\librt.a(__arm_eabi_init.o)
 .debug_abbrev  0x00002ad8      0x120 C:/Freescale/CW MCU v11.0/MCU/ARM_GCC_Support/ewl/lib/armv6-m\librt.a(ROMCopy.o)

.debug_loc      0x00000000     0x5a89
 .debug_loc     0x00000000       0x2c ./Generated_Code/wdt_kinetis.o
 .debug_loc     0x0000002c      0x410 ./Generated_Code/usb_framework.o
 .debug_loc     0x0000043c      0x25c ./Generated_Code/usb_driver.o
 .debug_loc     0x00000698      0x2d8 ./Generated_Code/usb_descriptor.o
 .debug_loc     0x00000970      0x4b8 ./Generated_Code/usb_dci_kinetis.o
 .debug_loc     0x00000e28      0x25c ./Generated_Code/usb_class.o
 .debug_loc     0x00001084      0x1c0 ./Generated_Code/usb_cdc_pstn.o
 .debug_loc     0x00001244      0x1c0 ./Generated_Code/usb_cdc.o
 .debug_loc     0x00001404      0x100 ./Generated_Code/WAIT1.o
 .debug_loc     0x00001504       0xc8 ./Generated_Code/USB1.o
 .debug_loc     0x000015cc       0x2c ./Generated_Code/USB0.o
 .debug_loc     0x000015f8      0x27c ./Generated_Code/Tx1.o
 .debug_loc     0x00001874      0x188 ./Generated_Code/TMOUT1.o
 .debug_loc     0x000019fc      0x27c ./Generated_Code/Rx1.o
 .debug_loc     0x00001c78       0xb0 ./Generated_Code/Cpu.o
 .debug_loc     0x00001d28      0x778 ./Generated_Code/CLS1.o
 .debug_loc     0x000024a0      0x3e0 ./Generated_Code/CDC1.o
 .debug_loc     0x00002880       0x2c ./Project_Settings/Startup_Code/__arm_start.o
 .debug_loc     0x000028ac       0x38 ./Project_Settings/Startup_Code/__arm_end.o
 .debug_loc     0x000028e4      0x12e ./Sources/main.o
 .debug_loc     0x00002a12       0x38 ./Sources/font.o
 .debug_loc     0x00002a4a      0x304 ./Sources/display.o
 .debug_loc     0x00002d4e       0x2c ./Sources/Events.o
 .debug_loc     0x00002d7a       0x3f C:/Freescale/CW MCU v11.0/MCU/ARM_GCC_Support/ewl/lib/armv6-m\libc.a(sscanf.o)
 .debug_loc     0x00002db9       0x3f C:/Freescale/CW MCU v11.0/MCU/ARM_GCC_Support/ewl/lib/armv6-m\libc.a(sprintf.o)
 .debug_loc     0x00002df8      0x16c C:/Freescale/CW MCU v11.0/MCU/ARM_GCC_Support/ewl/lib/armv6-m\libc.a(vsscanf.o)
 .debug_loc     0x00002f64       0x3e C:/Freescale/CW MCU v11.0/MCU/ARM_GCC_Support/ewl/lib/armv6-m\libc.a(exit.o)
 .debug_loc     0x00002fa2      0x335 C:/Freescale/CW MCU v11.0/MCU/ARM_GCC_Support/ewl/lib/armv6-m\libc.a(alloc.o)
 .debug_loc     0x000032d7       0xaf C:/Freescale/CW MCU v11.0/MCU/ARM_GCC_Support/ewl/lib/armv6-m\libc.a(strchr.o)
 .debug_loc     0x00003386       0x6f C:/Freescale/CW MCU v11.0/MCU/ARM_GCC_Support/ewl/lib/armv6-m\libc.a(memset.o)
 .debug_loc     0x000033f5      0x14a C:/Freescale/CW MCU v11.0/MCU/ARM_GCC_Support/ewl/lib/armv6-m\libc.a(__filll_mem.o)
 .debug_loc     0x0000353f       0x59 C:/Freescale/CW MCU v11.0/MCU/ARM_GCC_Support/ewl/lib/armv6-m\libc.a(memcpy.o)
 .debug_loc     0x00003598       0x33 C:/Freescale/CW MCU v11.0/MCU/ARM_GCC_Support/ewl/lib/armv6-m\libc.a(strlen.o)
 .debug_loc     0x000035cb     0x104b C:/Freescale/CW MCU v11.0/MCU/ARM_GCC_Support/ewl/lib/armv6-m\libc.a(printformat_.o)
 .debug_loc     0x00004616      0x9d8 C:/Freescale/CW MCU v11.0/MCU/ARM_GCC_Support/ewl/lib/armv6-m\libc.a(scanformat_.o)
 .debug_loc     0x00004fee      0x30d C:/Freescale/CW MCU v11.0/MCU/ARM_GCC_Support/ewl/lib/armv6-m\libc.a(ctype_aeabi.o)
 .debug_loc     0x000052fb      0x105 C:/Freescale/CW MCU v11.0/MCU/ARM_GCC_Support/ewl/lib/armv6-m\libc.a(vsnprintf.o)
 .debug_loc     0x00005400      0x305 C:/Freescale/CW MCU v11.0/MCU/ARM_GCC_Support/ewl/lib/armv6-m\libc.a(__strtoul.o)
 .debug_loc     0x00005705       0x77 C:/Freescale/CW MCU v11.0/MCU/ARM_GCC_Support/ewl/lib/armv6-m\libc.a(memchr.o)
 .debug_loc     0x0000577c       0x9d C:/Freescale/CW MCU v11.0/MCU/ARM_GCC_Support/ewl/lib/armv6-m\librt.a(gcc_ctor_dtor.o)
 .debug_loc     0x00005819      0x197 C:/Freescale/CW MCU v11.0/MCU/ARM_GCC_Support/ewl/lib/armv6-m\librt.a(__arm_eabi_init.o)
 .debug_loc     0x000059b0       0xd9 C:/Freescale/CW MCU v11.0/MCU/ARM_GCC_Support/ewl/lib/armv6-m\librt.a(ROMCopy.o)

.debug_aranges  0x00000000      0xc70
 .debug_aranges
                0x00000000       0x20 ./Generated_Code/wdt_kinetis.o
 .debug_aranges
                0x00000020       0xb0 ./Generated_Code/usb_framework.o
 .debug_aranges
                0x000000d0       0x70 ./Generated_Code/usb_driver.o
 .debug_aranges
                0x00000140       0x80 ./Generated_Code/usb_descriptor.o
 .debug_aranges
                0x000001c0       0xc8 ./Generated_Code/usb_dci_kinetis.o
 .debug_aranges
                0x00000288       0x70 ./Generated_Code/usb_class.o
 .debug_aranges
                0x000002f8       0x58 ./Generated_Code/usb_cdc_pstn.o
 .debug_aranges
                0x00000350       0x58 ./Generated_Code/usb_cdc.o
 .debug_aranges
                0x000003a8       0x50 ./Generated_Code/WAIT1.o
 .debug_aranges
                0x000003f8       0x18 ./Generated_Code/Vectors.o
 .debug_aranges
                0x00000410       0x38 ./Generated_Code/USB1.o
 .debug_aranges
                0x00000448       0x20 ./Generated_Code/USB0.o
 .debug_aranges
                0x00000468       0x78 ./Generated_Code/Tx1.o
 .debug_aranges
                0x000004e0       0x50 ./Generated_Code/TMOUT1.o
 .debug_aranges
                0x00000530       0x78 ./Generated_Code/Rx1.o
 .debug_aranges
                0x000005a8       0x38 ./Generated_Code/Cpu.o
 .debug_aranges
                0x000005e0      0x130 ./Generated_Code/CLS1.o
 .debug_aranges
                0x00000710       0xb0 ./Generated_Code/CDC1.o
 .debug_aranges
                0x000007c0       0x30 ./Project_Settings/Startup_Code/__arm_start.o
 .debug_aranges
                0x000007f0       0x20 ./Project_Settings/Startup_Code/__arm_end.o
 .debug_aranges
                0x00000810       0x48 ./Sources/main.o
 .debug_aranges
                0x00000858       0x20 ./Sources/font.o
 .debug_aranges
                0x00000878       0x88 ./Sources/display.o
 .debug_aranges
                0x00000900       0x20 ./Sources/Events.o
 .debug_aranges
                0x00000920       0x20 C:/Freescale/CW MCU v11.0/MCU/ARM_GCC_Support/ewl/lib/armv6-m\libc.a(sscanf.o)
 .debug_aranges
                0x00000940       0x20 C:/Freescale/CW MCU v11.0/MCU/ARM_GCC_Support/ewl/lib/armv6-m\libc.a(sprintf.o)
 .debug_aranges
                0x00000960       0x28 C:/Freescale/CW MCU v11.0/MCU/ARM_GCC_Support/ewl/lib/armv6-m\libc.a(vsscanf.o)
 .debug_aranges
                0x00000988       0x20 C:/Freescale/CW MCU v11.0/MCU/ARM_GCC_Support/ewl/lib/armv6-m\libc.a(exit.o)
 .debug_aranges
                0x000009a8       0x40 C:/Freescale/CW MCU v11.0/MCU/ARM_GCC_Support/ewl/lib/armv6-m\libc.a(alloc.o)
 .debug_aranges
                0x000009e8       0x20 C:/Freescale/CW MCU v11.0/MCU/ARM_GCC_Support/ewl/lib/armv6-m\libc.a(strchr.o)
 .debug_aranges
                0x00000a08       0x20 C:/Freescale/CW MCU v11.0/MCU/ARM_GCC_Support/ewl/lib/armv6-m\libc.a(memset.o)
 .debug_aranges
                0x00000a28       0x20 C:/Freescale/CW MCU v11.0/MCU/ARM_GCC_Support/ewl/lib/armv6-m\libc.a(__filll_mem.o)
 .debug_aranges
                0x00000a48       0x20 C:/Freescale/CW MCU v11.0/MCU/ARM_GCC_Support/ewl/lib/armv6-m\libc.a(memcpy.o)
 .debug_aranges
                0x00000a68       0x20 C:/Freescale/CW MCU v11.0/MCU/ARM_GCC_Support/ewl/lib/armv6-m\libc.a(strlen.o)
 .debug_aranges
                0x00000a88       0x28 C:/Freescale/CW MCU v11.0/MCU/ARM_GCC_Support/ewl/lib/armv6-m\libc.a(printformat_.o)
 .debug_aranges
                0x00000ab0       0x20 C:/Freescale/CW MCU v11.0/MCU/ARM_GCC_Support/ewl/lib/armv6-m\libc.a(scanformat_.o)
 .debug_aranges
                0x00000ad0       0x88 C:/Freescale/CW MCU v11.0/MCU/ARM_GCC_Support/ewl/lib/armv6-m\libc.a(ctype_aeabi.o)
 .debug_aranges
                0x00000b58       0x28 C:/Freescale/CW MCU v11.0/MCU/ARM_GCC_Support/ewl/lib/armv6-m\libc.a(vsnprintf.o)
 .debug_aranges
                0x00000b80       0x20 C:/Freescale/CW MCU v11.0/MCU/ARM_GCC_Support/ewl/lib/armv6-m\libc.a(__strtoul.o)
 .debug_aranges
                0x00000ba0       0x20 C:/Freescale/CW MCU v11.0/MCU/ARM_GCC_Support/ewl/lib/armv6-m\libc.a(memchr.o)
 .debug_aranges
                0x00000bc0       0x28 C:/Freescale/CW MCU v11.0/MCU/ARM_GCC_Support/ewl/lib/armv6-m\librt.a(gcc_ctor_dtor.o)
 .debug_aranges
                0x00000be8       0x58 C:/Freescale/CW MCU v11.0/MCU/ARM_GCC_Support/ewl/lib/armv6-m\librt.a(__arm_eabi_init.o)
 .debug_aranges
                0x00000c40       0x30 C:/Freescale/CW MCU v11.0/MCU/ARM_GCC_Support/ewl/lib/armv6-m\librt.a(ROMCopy.o)

.debug_macinfo  0x00000000   0x41ff02
 .debug_macinfo
                0x00000000    0x2e08d ./Generated_Code/wdt_kinetis.o
 .debug_macinfo
                0x0002e08d    0x3080b ./Generated_Code/usb_framework.o
 .debug_macinfo
                0x0005e898    0x2fe97 ./Generated_Code/usb_driver.o
 .debug_macinfo
                0x0008e72f    0x30445 ./Generated_Code/usb_descriptor.o
 .debug_macinfo
                0x000beb74    0x2fe91 ./Generated_Code/usb_dci_kinetis.o
 .debug_macinfo
                0x000eea05    0x307af ./Generated_Code/usb_class.o
 .debug_macinfo
                0x0011f1b4    0x30d04 ./Generated_Code/usb_cdc_pstn.o
 .debug_macinfo
                0x0014feb8    0x30d04 ./Generated_Code/usb_cdc.o
 .debug_macinfo
                0x00180bbc    0x2e56f ./Generated_Code/WAIT1.o
 .debug_macinfo
                0x001af12b    0x2fb5a ./Generated_Code/Vectors.o
 .debug_macinfo
                0x001dec85    0x2f89b ./Generated_Code/USB1.o
 .debug_macinfo
                0x0020e520    0x2dca0 ./Generated_Code/USB0.o
 .debug_macinfo
                0x0023c1c0    0x2e4d2 ./Generated_Code/Tx1.o
 .debug_macinfo
                0x0026a692    0x2e490 ./Generated_Code/TMOUT1.o
 .debug_macinfo
                0x00298b22    0x2e4d2 ./Generated_Code/Rx1.o
 .debug_macinfo
                0x002c6ff4    0x2fb5a ./Generated_Code/Cpu.o
 .debug_macinfo
                0x002f6b4e    0x2f7a1 ./Generated_Code/CLS1.o
 .debug_macinfo
                0x003262ef    0x32e89 ./Generated_Code/CDC1.o
 .debug_macinfo
                0x00359178     0x3e6d ./Project_Settings/Startup_Code/__arm_start.o
 .debug_macinfo
                0x0035cfe5     0x3456 ./Project_Settings/Startup_Code/__arm_end.o
 .debug_macinfo
                0x0036043b    0x2fffc ./Sources/main.o
 .debug_macinfo
                0x00390437    0x2ff7d ./Sources/font.o
 .debug_macinfo
                0x003c03b4    0x2fffc ./Sources/display.o
 .debug_macinfo
                0x003f03b0    0x2fb52 ./Sources/Events.o

.debug_line     0x00000000     0x7ae9
 .debug_line    0x00000000      0x28b ./Generated_Code/wdt_kinetis.o
 .debug_line    0x0000028b      0x528 ./Generated_Code/usb_framework.o
 .debug_line    0x000007b3      0x404 ./Generated_Code/usb_driver.o
 .debug_line    0x00000bb7      0x420 ./Generated_Code/usb_descriptor.o
 .debug_line    0x00000fd7      0x688 ./Generated_Code/usb_dci_kinetis.o
 .debug_line    0x0000165f      0x3f9 ./Generated_Code/usb_class.o
 .debug_line    0x00001a58      0x3b5 ./Generated_Code/usb_cdc_pstn.o
 .debug_line    0x00001e0d      0x451 ./Generated_Code/usb_cdc.o
 .debug_line    0x0000225e      0x2c8 ./Generated_Code/WAIT1.o
 .debug_line    0x00002526      0x550 ./Generated_Code/Vectors.o
 .debug_line    0x00002a76      0x416 ./Generated_Code/USB1.o
 .debug_line    0x00002e8c      0x240 ./Generated_Code/USB0.o
 .debug_line    0x000030cc      0x36f ./Generated_Code/Tx1.o
 .debug_line    0x0000343b      0x300 ./Generated_Code/TMOUT1.o
 .debug_line    0x0000373b      0x36f ./Generated_Code/Rx1.o
 .debug_line    0x00003aaa      0x5cc ./Generated_Code/Cpu.o
 .debug_line    0x00004076      0x71f ./Generated_Code/CLS1.o
 .debug_line    0x00004795      0x6be ./Generated_Code/CDC1.o
 .debug_line    0x00004e53      0x2b7 ./Project_Settings/Startup_Code/__arm_start.o
 .debug_line    0x0000510a      0x265 ./Project_Settings/Startup_Code/__arm_end.o
 .debug_line    0x0000536f      0x54b ./Sources/main.o
 .debug_line    0x000058ba      0x4e7 ./Sources/font.o
 .debug_line    0x00005da1      0x604 ./Sources/display.o
 .debug_line    0x000063a5      0x451 ./Sources/Events.o
 .debug_line    0x000067f6       0x92 C:/Freescale/CW MCU v11.0/MCU/ARM_GCC_Support/ewl/lib/armv6-m\libc.a(sscanf.o)
 .debug_line    0x00006888       0x93 C:/Freescale/CW MCU v11.0/MCU/ARM_GCC_Support/ewl/lib/armv6-m\libc.a(sprintf.o)
 .debug_line    0x0000691b       0xc8 C:/Freescale/CW MCU v11.0/MCU/ARM_GCC_Support/ewl/lib/armv6-m\libc.a(vsscanf.o)
 .debug_line    0x000069e3       0x8d C:/Freescale/CW MCU v11.0/MCU/ARM_GCC_Support/ewl/lib/armv6-m\libc.a(exit.o)
 .debug_line    0x00006a70      0x156 C:/Freescale/CW MCU v11.0/MCU/ARM_GCC_Support/ewl/lib/armv6-m\libc.a(alloc.o)
 .debug_line    0x00006bc6       0x7d C:/Freescale/CW MCU v11.0/MCU/ARM_GCC_Support/ewl/lib/armv6-m\libc.a(strchr.o)
 .debug_line    0x00006c43       0x90 C:/Freescale/CW MCU v11.0/MCU/ARM_GCC_Support/ewl/lib/armv6-m\libc.a(memset.o)
 .debug_line    0x00006cd3       0xf6 C:/Freescale/CW MCU v11.0/MCU/ARM_GCC_Support/ewl/lib/armv6-m\libc.a(__filll_mem.o)
 .debug_line    0x00006dc9       0x8b C:/Freescale/CW MCU v11.0/MCU/ARM_GCC_Support/ewl/lib/armv6-m\libc.a(memcpy.o)
 .debug_line    0x00006e54       0x85 C:/Freescale/CW MCU v11.0/MCU/ARM_GCC_Support/ewl/lib/armv6-m\libc.a(strlen.o)
 .debug_line    0x00006ed9      0x2c3 C:/Freescale/CW MCU v11.0/MCU/ARM_GCC_Support/ewl/lib/armv6-m\libc.a(printformat_.o)
 .debug_line    0x0000719c      0x2be C:/Freescale/CW MCU v11.0/MCU/ARM_GCC_Support/ewl/lib/armv6-m\libc.a(scanformat_.o)
 .debug_line    0x0000745a      0x1be C:/Freescale/CW MCU v11.0/MCU/ARM_GCC_Support/ewl/lib/armv6-m\libc.a(ctype_aeabi.o)
 .debug_line    0x00007618       0xd4 C:/Freescale/CW MCU v11.0/MCU/ARM_GCC_Support/ewl/lib/armv6-m\libc.a(vsnprintf.o)
 .debug_line    0x000076ec      0x11e C:/Freescale/CW MCU v11.0/MCU/ARM_GCC_Support/ewl/lib/armv6-m\libc.a(__strtoul.o)
 .debug_line    0x0000780a       0x9f C:/Freescale/CW MCU v11.0/MCU/ARM_GCC_Support/ewl/lib/armv6-m\libc.a(memchr.o)
 .debug_line    0x000078a9       0x6c C:/Freescale/CW MCU v11.0/MCU/ARM_GCC_Support/ewl/lib/armv6-m\librt.a(gcc_ctor_dtor.o)
 .debug_line    0x00007915      0x117 C:/Freescale/CW MCU v11.0/MCU/ARM_GCC_Support/ewl/lib/armv6-m\librt.a(__arm_eabi_init.o)
 .debug_line    0x00007a2c       0xbd C:/Freescale/CW MCU v11.0/MCU/ARM_GCC_Support/ewl/lib/armv6-m\librt.a(ROMCopy.o)

.debug_str      0x00000000     0x2ff7
 .debug_str     0x00000000      0x16d ./Generated_Code/wdt_kinetis.o
                                0x1a6 (size before relaxing)
 .debug_str     0x0000016d      0x3d4 ./Generated_Code/usb_framework.o
                                0x5a4 (size before relaxing)
 .debug_str     0x00000541      0x22b ./Generated_Code/usb_driver.o
                                0x41e (size before relaxing)
 .debug_str     0x0000076c      0x355 ./Generated_Code/usb_descriptor.o
                                0x560 (size before relaxing)
 .debug_str     0x00000ac1      0x6fd ./Generated_Code/usb_dci_kinetis.o
                                0x9c7 (size before relaxing)
 .debug_str     0x000011be      0x12a ./Generated_Code/usb_class.o
                                0x3d0 (size before relaxing)
 .debug_str     0x000012e8      0x20b ./Generated_Code/usb_cdc_pstn.o
                                0x425 (size before relaxing)
 .debug_str     0x000014f3      0x23a ./Generated_Code/usb_cdc.o
                                0x547 (size before relaxing)
 .debug_str     0x0000172d       0xa5 ./Generated_Code/WAIT1.o
                                0x1d8 (size before relaxing)
 .debug_str     0x000017d2       0x55 ./Generated_Code/Vectors.o
                                0x195 (size before relaxing)
 .debug_str     0x00001827       0x7f ./Generated_Code/USB1.o
                                0x1f3 (size before relaxing)
 .debug_str     0x000018a6       0x23 ./Generated_Code/USB0.o
                                0x406 (size before relaxing)
 .debug_str     0x000018c9       0xfd ./Generated_Code/Tx1.o
                                0x23a (size before relaxing)
 .debug_str     0x000019c6       0xeb ./Generated_Code/TMOUT1.o
                                0x233 (size before relaxing)
 .debug_str     0x00001ab1       0xe7 ./Generated_Code/Rx1.o
                                0x23a (size before relaxing)
 .debug_str     0x00001b98      0x18b ./Generated_Code/Cpu.o
                                0x444 (size before relaxing)
 .debug_str     0x00001d23      0x44b ./Generated_Code/CLS1.o
                                0x5d1 (size before relaxing)
 .debug_str     0x0000216e      0x1f9 ./Generated_Code/CDC1.o
                                0x48e (size before relaxing)
 .debug_str     0x00002367       0x85 ./Project_Settings/Startup_Code/__arm_start.o
                                0x1b6 (size before relaxing)
 .debug_str     0x000023ec       0x3a ./Project_Settings/Startup_Code/__arm_end.o
                                 0xed (size before relaxing)
 .debug_str     0x00002426       0xcc ./Sources/main.o
                                0x334 (size before relaxing)
 .debug_str     0x000024f2       0x29 ./Sources/font.o
                                0x168 (size before relaxing)
 .debug_str     0x0000251b       0xbb ./Sources/display.o
                                0x36b (size before relaxing)
 .debug_str     0x000025d6       0x21 ./Sources/Events.o
                                0x158 (size before relaxing)
 .debug_str     0x000025f7       0x39 C:/Freescale/CW MCU v11.0/MCU/ARM_GCC_Support/ewl/lib/armv6-m\libc.a(sscanf.o)
                                0x161 (size before relaxing)
 .debug_str     0x00002630       0x1c C:/Freescale/CW MCU v11.0/MCU/ARM_GCC_Support/ewl/lib/armv6-m\libc.a(sprintf.o)
                                0x163 (size before relaxing)
 .debug_str     0x0000264c       0xa3 C:/Freescale/CW MCU v11.0/MCU/ARM_GCC_Support/ewl/lib/armv6-m\libc.a(vsscanf.o)
                                0x1e5 (size before relaxing)
 .debug_str     0x000026ef       0x2e C:/Freescale/CW MCU v11.0/MCU/ARM_GCC_Support/ewl/lib/armv6-m\libc.a(exit.o)
                                0x157 (size before relaxing)
 .debug_str     0x0000271d       0xbc C:/Freescale/CW MCU v11.0/MCU/ARM_GCC_Support/ewl/lib/armv6-m\libc.a(alloc.o)
                                0x200 (size before relaxing)
 .debug_str     0x000027d9       0x1c C:/Freescale/CW MCU v11.0/MCU/ARM_GCC_Support/ewl/lib/armv6-m\libc.a(strchr.o)
                                0x137 (size before relaxing)
 .debug_str     0x000027f5       0x1c C:/Freescale/CW MCU v11.0/MCU/ARM_GCC_Support/ewl/lib/armv6-m\libc.a(memset.o)
                                0x140 (size before relaxing)
 .debug_str     0x00002811       0x25 C:/Freescale/CW MCU v11.0/MCU/ARM_GCC_Support/ewl/lib/armv6-m\libc.a(__filll_mem.o)
                                0x152 (size before relaxing)
 .debug_str     0x00002836       0x1c C:/Freescale/CW MCU v11.0/MCU/ARM_GCC_Support/ewl/lib/armv6-m\libc.a(memcpy.o)
                                0x138 (size before relaxing)
 .debug_str     0x00002852       0x1c C:/Freescale/CW MCU v11.0/MCU/ARM_GCC_Support/ewl/lib/armv6-m\libc.a(strlen.o)
                                0x140 (size before relaxing)
 .debug_str     0x0000286e      0x20f C:/Freescale/CW MCU v11.0/MCU/ARM_GCC_Support/ewl/lib/armv6-m\libc.a(printformat_.o)
                                0x3b3 (size before relaxing)
 .debug_str     0x00002a7d      0x14b C:/Freescale/CW MCU v11.0/MCU/ARM_GCC_Support/ewl/lib/armv6-m\libc.a(scanformat_.o)
                                0x3f9 (size before relaxing)
 .debug_str     0x00002bc8       0x9d C:/Freescale/CW MCU v11.0/MCU/ARM_GCC_Support/ewl/lib/armv6-m\libc.a(ctype_aeabi.o)
                                0x1bc (size before relaxing)
 .debug_str     0x00002c65       0x7c C:/Freescale/CW MCU v11.0/MCU/ARM_GCC_Support/ewl/lib/armv6-m\libc.a(vsnprintf.o)
                                0x1cc (size before relaxing)
 .debug_str     0x00002ce1       0x55 C:/Freescale/CW MCU v11.0/MCU/ARM_GCC_Support/ewl/lib/armv6-m\libc.a(__strtoul.o)
                                0x1fb (size before relaxing)
 .debug_str     0x00002d36       0x1c C:/Freescale/CW MCU v11.0/MCU/ARM_GCC_Support/ewl/lib/armv6-m\libc.a(memchr.o)
                                0x148 (size before relaxing)
 .debug_str     0x00002d52      0x126 C:/Freescale/CW MCU v11.0/MCU/ARM_GCC_Support/ewl/lib/armv6-m\librt.a(gcc_ctor_dtor.o)
                                0x181 (size before relaxing)
 .debug_str     0x00002e78       0xe9 C:/Freescale/CW MCU v11.0/MCU/ARM_GCC_Support/ewl/lib/armv6-m\librt.a(__arm_eabi_init.o)
                                0x1b5 (size before relaxing)
 .debug_str     0x00002f61       0x96 C:/Freescale/CW MCU v11.0/MCU/ARM_GCC_Support/ewl/lib/armv6-m\librt.a(ROMCopy.o)
                                0x13c (size before relaxing)

.comment        0x00000000       0x79
 .comment       0x00000000       0x79 ./Generated_Code/wdt_kinetis.o
                                 0x7a (size before relaxing)
 .comment       0x00000000       0x7a ./Generated_Code/usb_framework.o
 .comment       0x00000000       0x7a ./Generated_Code/usb_driver.o
 .comment       0x00000000       0x7a ./Generated_Code/usb_descriptor.o
 .comment       0x00000000       0x7a ./Generated_Code/usb_dci_kinetis.o
 .comment       0x00000000       0x7a ./Generated_Code/usb_class.o
 .comment       0x00000000       0x7a ./Generated_Code/usb_cdc_pstn.o
 .comment       0x00000000       0x7a ./Generated_Code/usb_cdc.o
 .comment       0x00000000       0x7a ./Generated_Code/WAIT1.o
 .comment       0x00000000       0x7a ./Generated_Code/Vectors.o
 .comment       0x00000000       0x7a ./Generated_Code/USB1.o
 .comment       0x00000000       0x7a ./Generated_Code/USB0.o
 .comment       0x00000000       0x7a ./Generated_Code/Tx1.o
 .comment       0x00000000       0x7a ./Generated_Code/TMOUT1.o
 .comment       0x00000000       0x7a ./Generated_Code/Rx1.o
 .comment       0x00000000       0x7a ./Generated_Code/Cpu.o
 .comment       0x00000000       0x7a ./Generated_Code/CLS1.o
 .comment       0x00000000       0x7a ./Generated_Code/CDC1.o
 .comment       0x00000000       0x7a ./Project_Settings/Startup_Code/__arm_start.o
 .comment       0x00000000       0x7a ./Project_Settings/Startup_Code/__arm_end.o
 .comment       0x00000000       0x7a ./Sources/main.o
 .comment       0x00000000       0x7a ./Sources/font.o
 .comment       0x00000000       0x7a ./Sources/display.o
 .comment       0x00000000       0x7a ./Sources/Events.o
 .comment       0x00000000       0x7a C:/Freescale/CW MCU v11.0/MCU/ARM_GCC_Support/ewl/lib/armv6-m\libc.a(sscanf.o)
 .comment       0x00000000       0x7a C:/Freescale/CW MCU v11.0/MCU/ARM_GCC_Support/ewl/lib/armv6-m\libc.a(sprintf.o)
 .comment       0x00000000       0x7a C:/Freescale/CW MCU v11.0/MCU/ARM_GCC_Support/ewl/lib/armv6-m\libc.a(vsscanf.o)
 .comment       0x00000000       0x7a C:/Freescale/CW MCU v11.0/MCU/ARM_GCC_Support/ewl/lib/armv6-m\libc.a(exit.o)
 .comment       0x00000000       0x7a C:/Freescale/CW MCU v11.0/MCU/ARM_GCC_Support/ewl/lib/armv6-m\libc.a(alloc.o)
 .comment       0x00000000       0x7a C:/Freescale/CW MCU v11.0/MCU/ARM_GCC_Support/ewl/lib/armv6-m\libc.a(strchr.o)
 .comment       0x00000000       0x7a C:/Freescale/CW MCU v11.0/MCU/ARM_GCC_Support/ewl/lib/armv6-m\libc.a(memset.o)
 .comment       0x00000000       0x7a C:/Freescale/CW MCU v11.0/MCU/ARM_GCC_Support/ewl/lib/armv6-m\libc.a(__filll_mem.o)
 .comment       0x00000000       0x7a C:/Freescale/CW MCU v11.0/MCU/ARM_GCC_Support/ewl/lib/armv6-m\libc.a(memcpy.o)
 .comment       0x00000000       0x7a C:/Freescale/CW MCU v11.0/MCU/ARM_GCC_Support/ewl/lib/armv6-m\libc.a(strlen.o)
 .comment       0x00000000       0x7a C:/Freescale/CW MCU v11.0/MCU/ARM_GCC_Support/ewl/lib/armv6-m\libc.a(printformat_.o)
 .comment       0x00000000       0x7a C:/Freescale/CW MCU v11.0/MCU/ARM_GCC_Support/ewl/lib/armv6-m\libc.a(scanformat_.o)
 .comment       0x00000000       0x7a C:/Freescale/CW MCU v11.0/MCU/ARM_GCC_Support/ewl/lib/armv6-m\libc.a(ctype_aeabi.o)
 .comment       0x00000000       0x7a C:/Freescale/CW MCU v11.0/MCU/ARM_GCC_Support/ewl/lib/armv6-m\libc.a(vsnprintf.o)
 .comment       0x00000000       0x7a C:/Freescale/CW MCU v11.0/MCU/ARM_GCC_Support/ewl/lib/armv6-m\libc.a(__strtoul.o)
 .comment       0x00000000       0x7a C:/Freescale/CW MCU v11.0/MCU/ARM_GCC_Support/ewl/lib/armv6-m\libc.a(memchr.o)
 .comment       0x00000000       0x7a C:/Freescale/CW MCU v11.0/MCU/ARM_GCC_Support/ewl/lib/armv6-m\librt.a(gcc_ctor_dtor.o)
 .comment       0x00000000       0x7a C:/Freescale/CW MCU v11.0/MCU/ARM_GCC_Support/ewl/lib/armv6-m\librt.a(__arm_eabi_init.o)
 .comment       0x00000000       0x7a C:/Freescale/CW MCU v11.0/MCU/ARM_GCC_Support/ewl/lib/armv6-m\librt.a(ROMCopy.o)

.debug_frame    0x00000000     0x2268
 .debug_frame   0x00000000       0x2c ./Generated_Code/wdt_kinetis.o
 .debug_frame   0x0000002c      0x270 ./Generated_Code/usb_framework.o
 .debug_frame   0x0000029c      0x16c ./Generated_Code/usb_driver.o
 .debug_frame   0x00000408      0x1b0 ./Generated_Code/usb_descriptor.o
 .debug_frame   0x000005b8      0x2c8 ./Generated_Code/usb_dci_kinetis.o
 .debug_frame   0x00000880      0x170 ./Generated_Code/usb_class.o
 .debug_frame   0x000009f0      0x110 ./Generated_Code/usb_cdc_pstn.o
 .debug_frame   0x00000b00      0x114 ./Generated_Code/usb_cdc.o
 .debug_frame   0x00000c14       0xc8 ./Generated_Code/WAIT1.o
 .debug_frame   0x00000cdc       0x88 ./Generated_Code/USB1.o
 .debug_frame   0x00000d64       0x2c ./Generated_Code/USB0.o
 .debug_frame   0x00000d90      0x184 ./Generated_Code/Tx1.o
 .debug_frame   0x00000f14       0xf0 ./Generated_Code/TMOUT1.o
 .debug_frame   0x00001004      0x184 ./Generated_Code/Rx1.o
 .debug_frame   0x00001188       0x80 ./Generated_Code/Cpu.o
 .debug_frame   0x00001208      0x458 ./Generated_Code/CLS1.o
 .debug_frame   0x00001660      0x258 ./Generated_Code/CDC1.o
 .debug_frame   0x000018b8       0x4c ./Project_Settings/Startup_Code/__arm_start.o
 .debug_frame   0x00001904       0x30 ./Project_Settings/Startup_Code/__arm_end.o
 .debug_frame   0x00001934       0xc4 ./Sources/main.o
 .debug_frame   0x000019f8       0x30 ./Sources/font.o
 .debug_frame   0x00001a28      0x1cc ./Sources/display.o
 .debug_frame   0x00001bf4       0x2c ./Sources/Events.o
 .debug_frame   0x00001c20       0x2c C:/Freescale/CW MCU v11.0/MCU/ARM_GCC_Support/ewl/lib/armv6-m\libc.a(sscanf.o)
 .debug_frame   0x00001c4c       0x2c C:/Freescale/CW MCU v11.0/MCU/ARM_GCC_Support/ewl/lib/armv6-m\libc.a(sprintf.o)
 .debug_frame   0x00001c78       0x48 C:/Freescale/CW MCU v11.0/MCU/ARM_GCC_Support/ewl/lib/armv6-m\libc.a(vsscanf.o)
 .debug_frame   0x00001cc0       0x2c C:/Freescale/CW MCU v11.0/MCU/ARM_GCC_Support/ewl/lib/armv6-m\libc.a(exit.o)
 .debug_frame   0x00001cec       0x9c C:/Freescale/CW MCU v11.0/MCU/ARM_GCC_Support/ewl/lib/armv6-m\libc.a(alloc.o)
 .debug_frame   0x00001d88       0x28 C:/Freescale/CW MCU v11.0/MCU/ARM_GCC_Support/ewl/lib/armv6-m\libc.a(strchr.o)
 .debug_frame   0x00001db0       0x28 C:/Freescale/CW MCU v11.0/MCU/ARM_GCC_Support/ewl/lib/armv6-m\libc.a(memset.o)
 .debug_frame   0x00001dd8       0x2c C:/Freescale/CW MCU v11.0/MCU/ARM_GCC_Support/ewl/lib/armv6-m\libc.a(__filll_mem.o)
 .debug_frame   0x00001e04       0x28 C:/Freescale/CW MCU v11.0/MCU/ARM_GCC_Support/ewl/lib/armv6-m\libc.a(memcpy.o)
 .debug_frame   0x00001e2c       0x28 C:/Freescale/CW MCU v11.0/MCU/ARM_GCC_Support/ewl/lib/armv6-m\libc.a(strlen.o)
 .debug_frame   0x00001e54       0x54 C:/Freescale/CW MCU v11.0/MCU/ARM_GCC_Support/ewl/lib/armv6-m\libc.a(printformat_.o)
 .debug_frame   0x00001ea8       0x34 C:/Freescale/CW MCU v11.0/MCU/ARM_GCC_Support/ewl/lib/armv6-m\libc.a(scanformat_.o)
 .debug_frame   0x00001edc      0x158 C:/Freescale/CW MCU v11.0/MCU/ARM_GCC_Support/ewl/lib/armv6-m\libc.a(ctype_aeabi.o)
 .debug_frame   0x00002034       0x4c C:/Freescale/CW MCU v11.0/MCU/ARM_GCC_Support/ewl/lib/armv6-m\libc.a(vsnprintf.o)
 .debug_frame   0x00002080       0x30 C:/Freescale/CW MCU v11.0/MCU/ARM_GCC_Support/ewl/lib/armv6-m\libc.a(__strtoul.o)
 .debug_frame   0x000020b0       0x28 C:/Freescale/CW MCU v11.0/MCU/ARM_GCC_Support/ewl/lib/armv6-m\libc.a(memchr.o)
 .debug_frame   0x000020d8       0x20 c:/freescale/cw mcu v11.0/cross_tools/arm-none-eabi-gcc-4_7_3/bin/../lib/gcc/arm-none-eabi/4.7.3/armv6-m\libgcc.a(_udivsi3.o)
 .debug_frame   0x000020f8       0x20 c:/freescale/cw mcu v11.0/cross_tools/arm-none-eabi-gcc-4_7_3/bin/../lib/gcc/arm-none-eabi/4.7.3/armv6-m\libgcc.a(_divsi3.o)
 .debug_frame   0x00002118       0x40 C:/Freescale/CW MCU v11.0/MCU/ARM_GCC_Support/ewl/lib/armv6-m\librt.a(gcc_ctor_dtor.o)
 .debug_frame   0x00002158       0xbc C:/Freescale/CW MCU v11.0/MCU/ARM_GCC_Support/ewl/lib/armv6-m\librt.a(__arm_eabi_init.o)
 .debug_frame   0x00002214       0x54 C:/Freescale/CW MCU v11.0/MCU/ARM_GCC_Support/ewl/lib/armv6-m\librt.a(ROMCopy.o)
